-- Logs begin at Wed 2019-04-10 18:43:19 UTC, end at Wed 2019-04-10 18:53:43 UTC. --
Apr 10 18:43:19 localhost systemd-journal[81]: Runtime journal is using 8.0M (max allowed 196.6M, trying to leave 294.9M free of 1.9G available â†’ current limit 196.6M).
Apr 10 18:43:19 localhost kernel: Initializing cgroup subsys cpuset
Apr 10 18:43:19 localhost kernel: Initializing cgroup subsys cpu
Apr 10 18:43:19 localhost kernel: Initializing cgroup subsys cpuacct
Apr 10 18:43:19 localhost kernel: Linux version 3.10.0-957.el7.x86_64 (mockbuild@kbuilder.bsys.centos.org) (gcc version 4.8.5 20150623 (Red Hat 4.8.5-36) (GCC) ) #1 SMP Thu Nov 8 23:39:32 UTC 2018
Apr 10 18:43:19 localhost kernel: Command line: initrd=initrd.img inst.stage2=hd:LABEL=CentOS\x207\x20x86_64 rd.live.check quiet BOOT_IMAGE=vmlinuz 
Apr 10 18:43:19 localhost kernel: e820: BIOS-provided physical RAM map:
Apr 10 18:43:19 localhost kernel: BIOS-e820: [mem 0x0000000000000000-0x000000000009fbff] usable
Apr 10 18:43:19 localhost kernel: BIOS-e820: [mem 0x000000000009fc00-0x000000000009ffff] reserved
Apr 10 18:43:19 localhost kernel: BIOS-e820: [mem 0x00000000000e0000-0x00000000000fffff] reserved
Apr 10 18:43:19 localhost kernel: BIOS-e820: [mem 0x0000000000100000-0x00000000f7feffff] usable
Apr 10 18:43:19 localhost kernel: BIOS-e820: [mem 0x00000000f7ff0000-0x00000000f7ffefff] ACPI data
Apr 10 18:43:19 localhost kernel: BIOS-e820: [mem 0x00000000f7fff000-0x00000000f7ffffff] ACPI NVS
Apr 10 18:43:19 localhost kernel: BIOS-e820: [mem 0x0000000100000000-0x0000000107ffffff] usable
Apr 10 18:43:19 localhost kernel: NX (Execute Disable) protection: active
Apr 10 18:43:19 localhost kernel: SMBIOS 2.3 present.
Apr 10 18:43:19 localhost kernel: DMI: Microsoft Corporation Virtual Machine/Virtual Machine, BIOS 090007  06/02/2017
Apr 10 18:43:19 localhost kernel: Hypervisor detected: Microsoft HyperV
Apr 10 18:43:19 localhost kernel: HyperV: features 0x2e7f, hints 0x20c2c
Apr 10 18:43:19 localhost kernel: Hyper-V Host Build:17134-10.0-0-0.648
Apr 10 18:43:19 localhost kernel: HyperV: LAPIC Timer Frequency: 0x30d40
Apr 10 18:43:19 localhost kernel: tsc: Marking TSC unstable due to running on Hyper-V
Apr 10 18:43:19 localhost kernel: Hyper-V: Using ext hypercall for remote TLB flush
Apr 10 18:43:19 localhost kernel: e820: update [mem 0x00000000-0x00000fff] usable ==> reserved
Apr 10 18:43:19 localhost kernel: e820: remove [mem 0x000a0000-0x000fffff] usable
Apr 10 18:43:19 localhost kernel: e820: last_pfn = 0x108000 max_arch_pfn = 0x400000000
Apr 10 18:43:19 localhost kernel: MTRR default type: uncachable
Apr 10 18:43:19 localhost kernel: MTRR fixed ranges enabled:
Apr 10 18:43:19 localhost kernel:   00000-9FFFF write-back
Apr 10 18:43:19 localhost kernel:   A0000-DFFFF uncachable
Apr 10 18:43:19 localhost kernel:   E0000-FFFFF write-back
Apr 10 18:43:19 localhost kernel: MTRR variable ranges enabled:
Apr 10 18:43:19 localhost kernel:   0 base 0000000000 mask 7F00000000 write-back
Apr 10 18:43:19 localhost kernel:   1 base 0100000000 mask 7000000000 write-back
Apr 10 18:43:19 localhost kernel:   2 disabled
Apr 10 18:43:19 localhost kernel:   3 disabled
Apr 10 18:43:19 localhost kernel:   4 disabled
Apr 10 18:43:19 localhost kernel:   5 disabled
Apr 10 18:43:19 localhost kernel:   6 disabled
Apr 10 18:43:19 localhost kernel:   7 disabled
Apr 10 18:43:19 localhost kernel: PAT configuration [0-7]: WB  WC  UC- UC  WB  WP  UC- UC  
Apr 10 18:43:19 localhost kernel: e820: last_pfn = 0xf7ff0 max_arch_pfn = 0x400000000
Apr 10 18:43:19 localhost kernel: found SMP MP-table at [mem 0x000ff780-0x000ff78f] mapped at [ffffffffff200780]
Apr 10 18:43:19 localhost kernel: Base memory trampoline at [ffff98b340099000] 99000 size 24576
Apr 10 18:43:19 localhost kernel: Using GB pages for direct mapping
Apr 10 18:43:19 localhost kernel: BRK [0xe5053000, 0xe5053fff] PGTABLE
Apr 10 18:43:19 localhost kernel: BRK [0xe5054000, 0xe5054fff] PGTABLE
Apr 10 18:43:19 localhost kernel: BRK [0xe5055000, 0xe5055fff] PGTABLE
Apr 10 18:43:19 localhost kernel: BRK [0xe5056000, 0xe5056fff] PGTABLE
Apr 10 18:43:19 localhost kernel: BRK [0xe5057000, 0xe5057fff] PGTABLE
Apr 10 18:43:19 localhost kernel: RAMDISK: [mem 0x7cdd8000-0x7fffefff]
Apr 10 18:43:19 localhost kernel: Early table checksum verification disabled
Apr 10 18:43:19 localhost kernel: ACPI: RSDP 00000000000f5bf0 00014 (v00 ACPIAM)
Apr 10 18:43:19 localhost kernel: ACPI: RSDT 00000000f7ff0000 00040 (v01 VRTUAL MICROSFT 06001702 MSFT 00000097)
Apr 10 18:43:19 localhost kernel: ACPI: FACP 00000000f7ff0200 00081 (v02 VRTUAL MICROSFT 06001702 MSFT 00000097)
Apr 10 18:43:19 localhost kernel: ACPI: DSDT 00000000f7ff1d24 03CBE (v01 MSFTVM MSFTVM02 00000002 INTL 02002026)
Apr 10 18:43:19 localhost kernel: ACPI: FACS 00000000f7fff000 00040
Apr 10 18:43:19 localhost kernel: ACPI: WAET 00000000f7ff1a80 00028 (v01 VRTUAL MICROSFT 06001702 MSFT 00000097)
Apr 10 18:43:19 localhost kernel: ACPI: SLIC 00000000f7ff1ac0 00176 (v01 VRTUAL MICROSFT 06001702 MSFT 00000097)
Apr 10 18:43:19 localhost kernel: ACPI: OEM0 00000000f7ff1cc0 00064 (v01 VRTUAL MICROSFT 06001702 MSFT 00000097)
Apr 10 18:43:19 localhost kernel: ACPI: SRAT 00000000f7ff0800 000E0 (v02 VRTUAL MICROSFT 00000001 MSFT 00000001)
Apr 10 18:43:19 localhost kernel: ACPI: APIC 00000000f7ff0300 00452 (v01 VRTUAL MICROSFT 06001702 MSFT 00000097)
Apr 10 18:43:19 localhost kernel: ACPI: OEMB 00000000f7fff040 00064 (v01 VRTUAL MICROSFT 06001702 MSFT 00000097)
Apr 10 18:43:19 localhost kernel: ACPI: Local APIC address 0xfee00000
Apr 10 18:43:19 localhost kernel: SRAT: PXM 0 -> APIC 0x00 -> Node 0
Apr 10 18:43:19 localhost kernel: SRAT: Node 0 PXM 0 [mem 0x00000000-0xf7ffffff] hotplug
Apr 10 18:43:19 localhost kernel: SRAT: Node 0 PXM 0 [mem 0x100000000-0x107ffffff] hotplug
Apr 10 18:43:19 localhost kernel: SRAT: Node 0 PXM 0 [mem 0x108200000-0xfdfffffff] hotplug
Apr 10 18:43:19 localhost kernel: SRAT: Node 0 PXM 0 [mem 0x1000000000-0xffffffffff] hotplug
Apr 10 18:43:19 localhost kernel: NUMA: Node 0 [mem 0x00000000-0xf7ffffff] + [mem 0x100000000-0x107ffffff] -> [mem 0x00000000-0x107ffffff]
Apr 10 18:43:19 localhost kernel: NODE_DATA(0) allocated [mem 0x107fd7000-0x107ffdfff]
Apr 10 18:43:19 localhost kernel: Zone ranges:
Apr 10 18:43:19 localhost kernel:   DMA      [mem 0x00001000-0x00ffffff]
Apr 10 18:43:19 localhost kernel:   DMA32    [mem 0x01000000-0xffffffff]
Apr 10 18:43:19 localhost kernel:   Normal   [mem 0x100000000-0x107ffffff]
Apr 10 18:43:19 localhost kernel: Movable zone start for each node
Apr 10 18:43:19 localhost kernel: Early memory node ranges
Apr 10 18:43:19 localhost kernel:   node   0: [mem 0x00001000-0x0009efff]
Apr 10 18:43:19 localhost kernel:   node   0: [mem 0x00100000-0xf7feffff]
Apr 10 18:43:19 localhost kernel:   node   0: [mem 0x100000000-0x107ffffff]
Apr 10 18:43:19 localhost kernel: Initmem setup node 0 [mem 0x00001000-0x107ffffff]
Apr 10 18:43:19 localhost kernel: On node 0 totalpages: 1048462
Apr 10 18:43:19 localhost kernel:   DMA zone: 64 pages used for memmap
Apr 10 18:43:19 localhost kernel:   DMA zone: 21 pages reserved
Apr 10 18:43:19 localhost kernel:   DMA zone: 3998 pages, LIFO batch:0
Apr 10 18:43:19 localhost kernel:   DMA32 zone: 16320 pages used for memmap
Apr 10 18:43:19 localhost kernel:   DMA32 zone: 1011696 pages, LIFO batch:31
Apr 10 18:43:19 localhost kernel:   Normal zone: 512 pages used for memmap
Apr 10 18:43:19 localhost kernel:   Normal zone: 32768 pages, LIFO batch:7
Apr 10 18:43:19 localhost kernel: ACPI: PM-Timer IO Port: 0x408
Apr 10 18:43:19 localhost kernel: ACPI: Local APIC address 0xfee00000
Apr 10 18:43:19 localhost kernel: ACPI: LAPIC (acpi_id[0x01] lapic_id[0x00] enabled)
Apr 10 18:43:19 localhost kernel: ACPI: LAPIC (acpi_id[0x02] lapic_id[0x01] disabled)
Apr 10 18:43:19 localhost kernel: ACPI: LAPIC (acpi_id[0x03] lapic_id[0x02] disabled)
Apr 10 18:43:19 localhost kernel: ACPI: LAPIC (acpi_id[0x04] lapic_id[0x03] disabled)
Apr 10 18:43:19 localhost kernel: ACPI: LAPIC (acpi_id[0x05] lapic_id[0x04] disabled)
Apr 10 18:43:19 localhost kernel: ACPI: LAPIC (acpi_id[0x06] lapic_id[0x05] disabled)
Apr 10 18:43:19 localhost kernel: ACPI: LAPIC (acpi_id[0x07] lapic_id[0x06] disabled)
Apr 10 18:43:19 localhost kernel: ACPI: LAPIC (acpi_id[0x08] lapic_id[0x07] disabled)
Apr 10 18:43:19 localhost kernel: ACPI: LAPIC (acpi_id[0x09] lapic_id[0x08] disabled)
Apr 10 18:43:19 localhost kernel: ACPI: LAPIC (acpi_id[0x0a] lapic_id[0x09] disabled)
Apr 10 18:43:19 localhost kernel: ACPI: LAPIC (acpi_id[0x0b] lapic_id[0x0a] disabled)
Apr 10 18:43:19 localhost kernel: ACPI: LAPIC (acpi_id[0x0c] lapic_id[0x0b] disabled)
Apr 10 18:43:19 localhost kernel: ACPI: LAPIC (acpi_id[0x0d] lapic_id[0x0c] disabled)
Apr 10 18:43:19 localhost kernel: ACPI: LAPIC (acpi_id[0x0e] lapic_id[0x0d] disabled)
Apr 10 18:43:19 localhost kernel: ACPI: LAPIC (acpi_id[0x0f] lapic_id[0x0e] disabled)
Apr 10 18:43:19 localhost kernel: ACPI: LAPIC (acpi_id[0x10] lapic_id[0x0f] disabled)
Apr 10 18:43:19 localhost kernel: ACPI: LAPIC (acpi_id[0x11] lapic_id[0x10] disabled)
Apr 10 18:43:19 localhost kernel: ACPI: LAPIC (acpi_id[0x12] lapic_id[0x11] disabled)
Apr 10 18:43:19 localhost kernel: ACPI: LAPIC (acpi_id[0x13] lapic_id[0x12] disabled)
Apr 10 18:43:19 localhost kernel: ACPI: LAPIC (acpi_id[0x14] lapic_id[0x13] disabled)
Apr 10 18:43:19 localhost kernel: ACPI: LAPIC (acpi_id[0x15] lapic_id[0x14] disabled)
Apr 10 18:43:19 localhost kernel: ACPI: LAPIC (acpi_id[0x16] lapic_id[0x15] disabled)
Apr 10 18:43:19 localhost kernel: ACPI: LAPIC (acpi_id[0x17] lapic_id[0x16] disabled)
Apr 10 18:43:19 localhost kernel: ACPI: LAPIC (acpi_id[0x18] lapic_id[0x17] disabled)
Apr 10 18:43:19 localhost kernel: ACPI: LAPIC (acpi_id[0x19] lapic_id[0x18] disabled)
Apr 10 18:43:19 localhost kernel: ACPI: LAPIC (acpi_id[0x1a] lapic_id[0x19] disabled)
Apr 10 18:43:19 localhost kernel: ACPI: LAPIC (acpi_id[0x1b] lapic_id[0x1a] disabled)
Apr 10 18:43:19 localhost kernel: ACPI: LAPIC (acpi_id[0x1c] lapic_id[0x1b] disabled)
Apr 10 18:43:19 localhost kernel: ACPI: LAPIC (acpi_id[0x1d] lapic_id[0x1c] disabled)
Apr 10 18:43:19 localhost kernel: ACPI: LAPIC (acpi_id[0x1e] lapic_id[0x1d] disabled)
Apr 10 18:43:19 localhost kernel: ACPI: LAPIC (acpi_id[0x1f] lapic_id[0x1e] disabled)
Apr 10 18:43:19 localhost kernel: ACPI: LAPIC (acpi_id[0x20] lapic_id[0x1f] disabled)
Apr 10 18:43:19 localhost kernel: ACPI: LAPIC (acpi_id[0x21] lapic_id[0x20] disabled)
Apr 10 18:43:19 localhost kernel: ACPI: LAPIC (acpi_id[0x22] lapic_id[0x21] disabled)
Apr 10 18:43:19 localhost kernel: ACPI: LAPIC (acpi_id[0x23] lapic_id[0x22] disabled)
Apr 10 18:43:19 localhost kernel: ACPI: LAPIC (acpi_id[0x24] lapic_id[0x23] disabled)
Apr 10 18:43:19 localhost kernel: ACPI: LAPIC (acpi_id[0x25] lapic_id[0x24] disabled)
Apr 10 18:43:19 localhost kernel: ACPI: LAPIC (acpi_id[0x26] lapic_id[0x25] disabled)
Apr 10 18:43:19 localhost kernel: ACPI: LAPIC (acpi_id[0x27] lapic_id[0x26] disabled)
Apr 10 18:43:19 localhost kernel: ACPI: LAPIC (acpi_id[0x28] lapic_id[0x27] disabled)
Apr 10 18:43:19 localhost kernel: ACPI: LAPIC (acpi_id[0x29] lapic_id[0x28] disabled)
Apr 10 18:43:19 localhost kernel: ACPI: LAPIC (acpi_id[0x2a] lapic_id[0x29] disabled)
Apr 10 18:43:19 localhost kernel: ACPI: LAPIC (acpi_id[0x2b] lapic_id[0x2a] disabled)
Apr 10 18:43:19 localhost kernel: ACPI: LAPIC (acpi_id[0x2c] lapic_id[0x2b] disabled)
Apr 10 18:43:19 localhost kernel: ACPI: LAPIC (acpi_id[0x2d] lapic_id[0x2c] disabled)
Apr 10 18:43:19 localhost kernel: ACPI: LAPIC (acpi_id[0x2e] lapic_id[0x2d] disabled)
Apr 10 18:43:19 localhost kernel: ACPI: LAPIC (acpi_id[0x2f] lapic_id[0x2e] disabled)
Apr 10 18:43:19 localhost kernel: ACPI: LAPIC (acpi_id[0x30] lapic_id[0x2f] disabled)
Apr 10 18:43:19 localhost kernel: ACPI: LAPIC (acpi_id[0x31] lapic_id[0x30] disabled)
Apr 10 18:43:19 localhost kernel: ACPI: LAPIC (acpi_id[0x32] lapic_id[0x31] disabled)
Apr 10 18:43:19 localhost kernel: ACPI: LAPIC (acpi_id[0x33] lapic_id[0x32] disabled)
Apr 10 18:43:19 localhost kernel: ACPI: LAPIC (acpi_id[0x34] lapic_id[0x33] disabled)
Apr 10 18:43:19 localhost kernel: ACPI: LAPIC (acpi_id[0x35] lapic_id[0x34] disabled)
Apr 10 18:43:19 localhost kernel: ACPI: LAPIC (acpi_id[0x36] lapic_id[0x35] disabled)
Apr 10 18:43:19 localhost kernel: ACPI: LAPIC (acpi_id[0x37] lapic_id[0x36] disabled)
Apr 10 18:43:19 localhost kernel: ACPI: LAPIC (acpi_id[0x38] lapic_id[0x37] disabled)
Apr 10 18:43:19 localhost kernel: ACPI: LAPIC (acpi_id[0x39] lapic_id[0x38] disabled)
Apr 10 18:43:19 localhost kernel: ACPI: LAPIC (acpi_id[0x3a] lapic_id[0x39] disabled)
Apr 10 18:43:19 localhost kernel: ACPI: LAPIC (acpi_id[0x3b] lapic_id[0x3a] disabled)
Apr 10 18:43:19 localhost kernel: ACPI: LAPIC (acpi_id[0x3c] lapic_id[0x3b] disabled)
Apr 10 18:43:19 localhost kernel: ACPI: LAPIC (acpi_id[0x3d] lapic_id[0x3c] disabled)
Apr 10 18:43:19 localhost kernel: ACPI: LAPIC (acpi_id[0x3e] lapic_id[0x3d] disabled)
Apr 10 18:43:19 localhost kernel: ACPI: LAPIC (acpi_id[0x3f] lapic_id[0x3e] disabled)
Apr 10 18:43:19 localhost kernel: ACPI: LAPIC (acpi_id[0x40] lapic_id[0x3f] disabled)
Apr 10 18:43:19 localhost kernel: ACPI: LAPIC (acpi_id[0x41] lapic_id[0x40] disabled)
Apr 10 18:43:19 localhost kernel: ACPI: LAPIC (acpi_id[0x42] lapic_id[0x41] disabled)
Apr 10 18:43:19 localhost kernel: ACPI: LAPIC (acpi_id[0x43] lapic_id[0x42] disabled)
Apr 10 18:43:19 localhost kernel: ACPI: LAPIC (acpi_id[0x44] lapic_id[0x43] disabled)
Apr 10 18:43:19 localhost kernel: ACPI: LAPIC (acpi_id[0x45] lapic_id[0x44] disabled)
Apr 10 18:43:19 localhost kernel: ACPI: LAPIC (acpi_id[0x46] lapic_id[0x45] disabled)
Apr 10 18:43:19 localhost kernel: ACPI: LAPIC (acpi_id[0x47] lapic_id[0x46] disabled)
Apr 10 18:43:19 localhost kernel: ACPI: LAPIC (acpi_id[0x48] lapic_id[0x47] disabled)
Apr 10 18:43:19 localhost kernel: ACPI: LAPIC (acpi_id[0x49] lapic_id[0x48] disabled)
Apr 10 18:43:19 localhost kernel: ACPI: LAPIC (acpi_id[0x4a] lapic_id[0x49] disabled)
Apr 10 18:43:19 localhost kernel: ACPI: LAPIC (acpi_id[0x4b] lapic_id[0x4a] disabled)
Apr 10 18:43:19 localhost kernel: ACPI: LAPIC (acpi_id[0x4c] lapic_id[0x4b] disabled)
Apr 10 18:43:19 localhost kernel: ACPI: LAPIC (acpi_id[0x4d] lapic_id[0x4c] disabled)
Apr 10 18:43:19 localhost kernel: ACPI: LAPIC (acpi_id[0x4e] lapic_id[0x4d] disabled)
Apr 10 18:43:19 localhost kernel: ACPI: LAPIC (acpi_id[0x4f] lapic_id[0x4e] disabled)
Apr 10 18:43:19 localhost kernel: ACPI: LAPIC (acpi_id[0x50] lapic_id[0x4f] disabled)
Apr 10 18:43:19 localhost kernel: ACPI: LAPIC (acpi_id[0x51] lapic_id[0x50] disabled)
Apr 10 18:43:19 localhost kernel: ACPI: LAPIC (acpi_id[0x52] lapic_id[0x51] disabled)
Apr 10 18:43:19 localhost kernel: ACPI: LAPIC (acpi_id[0x53] lapic_id[0x52] disabled)
Apr 10 18:43:19 localhost kernel: ACPI: LAPIC (acpi_id[0x54] lapic_id[0x53] disabled)
Apr 10 18:43:19 localhost kernel: ACPI: LAPIC (acpi_id[0x55] lapic_id[0x54] disabled)
Apr 10 18:43:19 localhost kernel: ACPI: LAPIC (acpi_id[0x56] lapic_id[0x55] disabled)
Apr 10 18:43:19 localhost kernel: ACPI: LAPIC (acpi_id[0x57] lapic_id[0x56] disabled)
Apr 10 18:43:19 localhost kernel: ACPI: LAPIC (acpi_id[0x58] lapic_id[0x57] disabled)
Apr 10 18:43:19 localhost kernel: ACPI: LAPIC (acpi_id[0x59] lapic_id[0x58] disabled)
Apr 10 18:43:19 localhost kernel: ACPI: LAPIC (acpi_id[0x5a] lapic_id[0x59] disabled)
Apr 10 18:43:19 localhost kernel: ACPI: LAPIC (acpi_id[0x5b] lapic_id[0x5a] disabled)
Apr 10 18:43:19 localhost kernel: ACPI: LAPIC (acpi_id[0x5c] lapic_id[0x5b] disabled)
Apr 10 18:43:19 localhost kernel: ACPI: LAPIC (acpi_id[0x5d] lapic_id[0x5c] disabled)
Apr 10 18:43:19 localhost kernel: ACPI: LAPIC (acpi_id[0x5e] lapic_id[0x5d] disabled)
Apr 10 18:43:19 localhost kernel: ACPI: LAPIC (acpi_id[0x5f] lapic_id[0x5e] disabled)
Apr 10 18:43:19 localhost kernel: ACPI: LAPIC (acpi_id[0x60] lapic_id[0x5f] disabled)
Apr 10 18:43:19 localhost kernel: ACPI: LAPIC (acpi_id[0x61] lapic_id[0x60] disabled)
Apr 10 18:43:19 localhost kernel: ACPI: LAPIC (acpi_id[0x62] lapic_id[0x61] disabled)
Apr 10 18:43:19 localhost kernel: ACPI: LAPIC (acpi_id[0x63] lapic_id[0x62] disabled)
Apr 10 18:43:19 localhost kernel: ACPI: LAPIC (acpi_id[0x64] lapic_id[0x63] disabled)
Apr 10 18:43:19 localhost kernel: ACPI: LAPIC (acpi_id[0x65] lapic_id[0x64] disabled)
Apr 10 18:43:19 localhost kernel: ACPI: LAPIC (acpi_id[0x66] lapic_id[0x65] disabled)
Apr 10 18:43:19 localhost kernel: ACPI: LAPIC (acpi_id[0x67] lapic_id[0x66] disabled)
Apr 10 18:43:19 localhost kernel: ACPI: LAPIC (acpi_id[0x68] lapic_id[0x67] disabled)
Apr 10 18:43:19 localhost kernel: ACPI: LAPIC (acpi_id[0x69] lapic_id[0x68] disabled)
Apr 10 18:43:19 localhost kernel: ACPI: LAPIC (acpi_id[0x6a] lapic_id[0x69] disabled)
Apr 10 18:43:19 localhost kernel: ACPI: LAPIC (acpi_id[0x6b] lapic_id[0x6a] disabled)
Apr 10 18:43:19 localhost kernel: ACPI: LAPIC (acpi_id[0x6c] lapic_id[0x6b] disabled)
Apr 10 18:43:19 localhost kernel: ACPI: LAPIC (acpi_id[0x6d] lapic_id[0x6c] disabled)
Apr 10 18:43:19 localhost kernel: ACPI: LAPIC (acpi_id[0x6e] lapic_id[0x6d] disabled)
Apr 10 18:43:19 localhost kernel: ACPI: LAPIC (acpi_id[0x6f] lapic_id[0x6e] disabled)
Apr 10 18:43:19 localhost kernel: ACPI: LAPIC (acpi_id[0x70] lapic_id[0x6f] disabled)
Apr 10 18:43:19 localhost kernel: ACPI: LAPIC (acpi_id[0x71] lapic_id[0x70] disabled)
Apr 10 18:43:19 localhost kernel: ACPI: LAPIC (acpi_id[0x72] lapic_id[0x71] disabled)
Apr 10 18:43:19 localhost kernel: ACPI: LAPIC (acpi_id[0x73] lapic_id[0x72] disabled)
Apr 10 18:43:19 localhost kernel: ACPI: LAPIC (acpi_id[0x74] lapic_id[0x73] disabled)
Apr 10 18:43:19 localhost kernel: ACPI: LAPIC (acpi_id[0x75] lapic_id[0x74] disabled)
Apr 10 18:43:19 localhost kernel: ACPI: LAPIC (acpi_id[0x76] lapic_id[0x75] disabled)
Apr 10 18:43:19 localhost kernel: ACPI: LAPIC (acpi_id[0x77] lapic_id[0x76] disabled)
Apr 10 18:43:19 localhost kernel: ACPI: LAPIC (acpi_id[0x78] lapic_id[0x77] disabled)
Apr 10 18:43:19 localhost kernel: ACPI: LAPIC (acpi_id[0x79] lapic_id[0x78] disabled)
Apr 10 18:43:19 localhost kernel: ACPI: LAPIC (acpi_id[0x7a] lapic_id[0x79] disabled)
Apr 10 18:43:19 localhost kernel: ACPI: LAPIC (acpi_id[0x7b] lapic_id[0x7a] disabled)
Apr 10 18:43:19 localhost kernel: ACPI: LAPIC (acpi_id[0x7c] lapic_id[0x7b] disabled)
Apr 10 18:43:19 localhost kernel: ACPI: LAPIC (acpi_id[0x7d] lapic_id[0x7c] disabled)
Apr 10 18:43:19 localhost kernel: ACPI: LAPIC (acpi_id[0x7e] lapic_id[0x7d] disabled)
Apr 10 18:43:19 localhost kernel: ACPI: LAPIC (acpi_id[0x7f] lapic_id[0x7e] disabled)
Apr 10 18:43:19 localhost kernel: ACPI: LAPIC (acpi_id[0x80] lapic_id[0x7f] disabled)
Apr 10 18:43:19 localhost kernel: ACPI: LAPIC_NMI (acpi_id[0xff] dfl dfl lint[0x1])
Apr 10 18:43:19 localhost kernel: ACPI: IOAPIC (id[0x00] address[0xfec00000] gsi_base[0])
Apr 10 18:43:19 localhost kernel: IOAPIC[0]: apic_id 0, version 17, address 0xfec00000, GSI 0-23
Apr 10 18:43:19 localhost kernel: ACPI: INT_SRC_OVR (bus 0 bus_irq 0 global_irq 2 dfl dfl)
Apr 10 18:43:19 localhost kernel: ACPI: INT_SRC_OVR (bus 0 bus_irq 9 global_irq 9 high level)
Apr 10 18:43:19 localhost kernel: ACPI: IRQ0 used by override.
Apr 10 18:43:19 localhost kernel: ACPI: IRQ9 used by override.
Apr 10 18:43:19 localhost kernel: Using ACPI (MADT) for SMP configuration information
Apr 10 18:43:19 localhost kernel: smpboot: Allowing 128 CPUs, 127 hotplug CPUs
Apr 10 18:43:19 localhost kernel: PM: Registered nosave memory: [mem 0x0009f000-0x0009ffff]
Apr 10 18:43:19 localhost kernel: PM: Registered nosave memory: [mem 0x000a0000-0x000dffff]
Apr 10 18:43:19 localhost kernel: PM: Registered nosave memory: [mem 0x000e0000-0x000fffff]
Apr 10 18:43:19 localhost kernel: PM: Registered nosave memory: [mem 0xf7ff0000-0xf7ffefff]
Apr 10 18:43:19 localhost kernel: PM: Registered nosave memory: [mem 0xf7fff000-0xf7ffffff]
Apr 10 18:43:19 localhost kernel: PM: Registered nosave memory: [mem 0xf8000000-0xffffffff]
Apr 10 18:43:19 localhost kernel: e820: [mem 0xf8000000-0xffffffff] available for PCI devices
Apr 10 18:43:19 localhost kernel: Booting paravirtualized kernel on bare hardware
Apr 10 18:43:19 localhost kernel: setup_percpu: NR_CPUS:5120 nr_cpumask_bits:128 nr_cpu_ids:128 nr_node_ids:1
Apr 10 18:43:19 localhost kernel: PERCPU: Embedded 38 pages/cpu @ffff98b441600000 s118784 r8192 d28672 u262144
Apr 10 18:43:19 localhost kernel: pcpu-alloc: s118784 r8192 d28672 u262144 alloc=1*2097152
Apr 10 18:43:19 localhost kernel: pcpu-alloc: [0] 000 001 002 003 004 005 006 007 
Apr 10 18:43:19 localhost kernel: pcpu-alloc: [0] 008 009 010 011 012 013 014 015 
Apr 10 18:43:19 localhost kernel: pcpu-alloc: [0] 016 017 018 019 020 021 022 023 
Apr 10 18:43:19 localhost kernel: pcpu-alloc: [0] 024 025 026 027 028 029 030 031 
Apr 10 18:43:19 localhost kernel: pcpu-alloc: [0] 032 033 034 035 036 037 038 039 
Apr 10 18:43:19 localhost kernel: pcpu-alloc: [0] 040 041 042 043 044 045 046 047 
Apr 10 18:43:19 localhost kernel: pcpu-alloc: [0] 048 049 050 051 052 053 054 055 
Apr 10 18:43:19 localhost kernel: pcpu-alloc: [0] 056 057 058 059 060 061 062 063 
Apr 10 18:43:19 localhost kernel: pcpu-alloc: [0] 064 065 066 067 068 069 070 071 
Apr 10 18:43:19 localhost kernel: pcpu-alloc: [0] 072 073 074 075 076 077 078 079 
Apr 10 18:43:19 localhost kernel: pcpu-alloc: [0] 080 081 082 083 084 085 086 087 
Apr 10 18:43:19 localhost kernel: pcpu-alloc: [0] 088 089 090 091 092 093 094 095 
Apr 10 18:43:19 localhost kernel: pcpu-alloc: [0] 096 097 098 099 100 101 102 103 
Apr 10 18:43:19 localhost kernel: pcpu-alloc: [0] 104 105 106 107 108 109 110 111 
Apr 10 18:43:19 localhost kernel: pcpu-alloc: [0] 112 113 114 115 116 117 118 119 
Apr 10 18:43:19 localhost kernel: pcpu-alloc: [0] 120 121 122 123 124 125 126 127 
Apr 10 18:43:19 localhost kernel: Built 1 zonelists in Node order, mobility grouping on.  Total pages: 1031545
Apr 10 18:43:19 localhost kernel: Policy zone: Normal
Apr 10 18:43:19 localhost kernel: Kernel command line: initrd=initrd.img inst.stage2=hd:LABEL=CentOS\x207\x20x86_64 rd.live.check quiet BOOT_IMAGE=vmlinuz 
Apr 10 18:43:19 localhost kernel: PID hash table entries: 4096 (order: 3, 32768 bytes)
Apr 10 18:43:19 localhost kernel: x86/fpu: xstate_offset[2]: 0240, xstate_sizes[2]: 0100
Apr 10 18:43:19 localhost kernel: x86/fpu: xstate_offset[3]: 03c0, xstate_sizes[3]: 0040
Apr 10 18:43:19 localhost kernel: x86/fpu: xstate_offset[4]: 0400, xstate_sizes[4]: 0040
Apr 10 18:43:19 localhost kernel: xsave: enabled xstate_bv 0x1f, cntxt size 0x440 using standard form
Apr 10 18:43:19 localhost kernel: Memory: 3972132k/4325376k available (7664k kernel code, 131528k absent, 221716k reserved, 6055k data, 1876k init)
Apr 10 18:43:19 localhost kernel: SLUB: HWalign=64, Order=0-3, MinObjects=0, CPUs=128, Nodes=1
Apr 10 18:43:19 localhost kernel: x86/pti: Unmapping kernel while in userspace
Apr 10 18:43:19 localhost kernel: Hierarchical RCU implementation.
Apr 10 18:43:19 localhost kernel:         RCU restricting CPUs from NR_CPUS=5120 to nr_cpu_ids=128.
Apr 10 18:43:19 localhost kernel: NR_IRQS:327936 nr_irqs:1448 0
Apr 10 18:43:19 localhost kernel: Console: colour VGA+ 80x25
Apr 10 18:43:19 localhost kernel: console [tty0] enabled
Apr 10 18:43:19 localhost kernel: allocated 16777216 bytes of page_cgroup
Apr 10 18:43:19 localhost kernel: please try 'cgroup_disable=memory' option if you don't want memory cgroups
Apr 10 18:43:19 localhost kernel: tsc: Detected 1992.000 MHz processor
Apr 10 18:43:19 localhost kernel: Calibrating delay loop (skipped), value calculated using timer frequency.. 3984.00 BogoMIPS (lpj=1992000)
Apr 10 18:43:19 localhost kernel: pid_max: default: 131072 minimum: 1024
Apr 10 18:43:19 localhost kernel: Security Framework initialized
Apr 10 18:43:19 localhost kernel: SELinux:  Initializing.
Apr 10 18:43:19 localhost kernel: SELinux:  Starting in permissive mode
Apr 10 18:43:19 localhost kernel: Yama: becoming mindful.
Apr 10 18:43:19 localhost kernel: Dentry cache hash table entries: 524288 (order: 10, 4194304 bytes)
Apr 10 18:43:19 localhost kernel: Inode-cache hash table entries: 262144 (order: 9, 2097152 bytes)
Apr 10 18:43:19 localhost kernel: Mount-cache hash table entries: 8192 (order: 4, 65536 bytes)
Apr 10 18:43:19 localhost kernel: Mountpoint-cache hash table entries: 8192 (order: 4, 65536 bytes)
Apr 10 18:43:19 localhost kernel: Initializing cgroup subsys memory
Apr 10 18:43:19 localhost kernel: Initializing cgroup subsys devices
Apr 10 18:43:19 localhost kernel: Initializing cgroup subsys freezer
Apr 10 18:43:19 localhost kernel: Initializing cgroup subsys net_cls
Apr 10 18:43:19 localhost kernel: Initializing cgroup subsys blkio
Apr 10 18:43:19 localhost kernel: Initializing cgroup subsys perf_event
Apr 10 18:43:19 localhost kernel: Initializing cgroup subsys hugetlb
Apr 10 18:43:19 localhost kernel: Initializing cgroup subsys pids
Apr 10 18:43:19 localhost kernel: Initializing cgroup subsys net_prio
Apr 10 18:43:19 localhost kernel: mce: CPU supports 1 MCE banks
Apr 10 18:43:19 localhost kernel: Last level iTLB entries: 4KB 0, 2MB 0, 4MB 0
Apr 10 18:43:19 localhost kernel: Last level dTLB entries: 4KB 64, 2MB 0, 4MB 0
Apr 10 18:43:19 localhost kernel: tlb_flushall_shift: 6
Apr 10 18:43:19 localhost kernel: Speculative Store Bypass: Mitigation: Speculative Store Bypass disabled via prctl and seccomp
Apr 10 18:43:19 localhost kernel: FEATURE SPEC_CTRL Present
Apr 10 18:43:19 localhost kernel: FEATURE IBPB_SUPPORT Present
Apr 10 18:43:19 localhost kernel: Spectre V2 : Mitigation: IBRS (kernel)
Apr 10 18:43:19 localhost kernel: ACPI: Core revision 20130517
Apr 10 18:43:19 localhost kernel: ACPI: All ACPI Tables successfully acquired
Apr 10 18:43:19 localhost kernel: ftrace: allocating 29185 entries in 115 pages
Apr 10 18:43:19 localhost kernel: Switched APIC routing to physical flat.
Apr 10 18:43:19 localhost kernel: ..TIMER: vector=0x30 apic1=0 pin1=2 apic2=-1 pin2=-1
Apr 10 18:43:19 localhost kernel: smpboot: CPU0: Intel(R) Core(TM) i7-8550U CPU @ 1.80GHz (fam: 06, model: 8e, stepping: 0a)
Apr 10 18:43:19 localhost kernel: Performance Events: unsupported p6 CPU model 142 no PMU driver, software events only.
Apr 10 18:43:19 localhost kernel: Brought up 1 CPUs
Apr 10 18:43:19 localhost kernel: smpboot: Max logical packages: 128
Apr 10 18:43:19 localhost kernel: smpboot: Total of 1 processors activated (3984.00 BogoMIPS)
Apr 10 18:43:19 localhost kernel: NMI watchdog: disabled (cpu0): hardware events not enabled
Apr 10 18:43:19 localhost kernel: NMI watchdog: Shutting down hard lockup detector on all cpus
Apr 10 18:43:19 localhost kernel: devtmpfs: initialized
Apr 10 18:43:19 localhost kernel: EVM: security.selinux
Apr 10 18:43:19 localhost kernel: EVM: security.ima
Apr 10 18:43:19 localhost kernel: EVM: security.capability
Apr 10 18:43:19 localhost kernel: PM: Registering ACPI NVS region [mem 0xf7fff000-0xf7ffffff] (4096 bytes)
Apr 10 18:43:19 localhost kernel: atomic64 test passed for x86-64 platform with CX8 and with SSE
Apr 10 18:43:19 localhost kernel: pinctrl core: initialized pinctrl subsystem
Apr 10 18:43:19 localhost kernel: RTC time: 18:43:15, date: 04/10/19
Apr 10 18:43:19 localhost kernel: NET: Registered protocol family 16
Apr 10 18:43:19 localhost kernel: ACPI: bus type PCI registered
Apr 10 18:43:19 localhost kernel: acpiphp: ACPI Hot Plug PCI Controller Driver version: 0.5
Apr 10 18:43:19 localhost kernel: PCI: Using configuration type 1 for base access
Apr 10 18:43:19 localhost kernel: ACPI: Added _OSI(Module Device)
Apr 10 18:43:19 localhost kernel: ACPI: Added _OSI(Processor Device)
Apr 10 18:43:19 localhost kernel: ACPI: Added _OSI(3.0 _SCP Extensions)
Apr 10 18:43:19 localhost kernel: ACPI: Added _OSI(Processor Aggregator Device)
Apr 10 18:43:19 localhost kernel: ACPI: Added _OSI(Linux-Dell-Video)
Apr 10 18:43:19 localhost kernel: ACPI: EC: Look up EC in DSDT
Apr 10 18:43:19 localhost kernel: ACPI: Interpreter enabled
Apr 10 18:43:19 localhost kernel: ACPI: (supports S0 S5)
Apr 10 18:43:19 localhost kernel: ACPI: Using IOAPIC for interrupt routing
Apr 10 18:43:19 localhost kernel: PCI: Using host bridge windows from ACPI; if necessary, use "pci=nocrs" and report a bug
Apr 10 18:43:19 localhost kernel: ACPI: Enabled 1 GPEs in block 00 to 0F
Apr 10 18:43:19 localhost kernel: ACPI: PCI Root Bridge [PCI0] (domain 0000 [bus 00-ff])
Apr 10 18:43:19 localhost kernel: acpi PNP0A03:00: _OSC: OS supports [ASPM ClockPM Segments MSI]
Apr 10 18:43:19 localhost kernel: acpi PNP0A03:00: _OSC failed (AE_NOT_FOUND); disabling ASPM
Apr 10 18:43:19 localhost kernel: acpi PNP0A03:00: fail to add MMCONFIG information, can't access extended PCI configuration space under this bridge.
Apr 10 18:43:19 localhost kernel: PCI host bridge to bus 0000:00
Apr 10 18:43:19 localhost kernel: pci_bus 0000:00: root bus resource [mem 0xfe0000000-0xfffffffff window]
Apr 10 18:43:19 localhost kernel: pci_bus 0000:00: root bus resource [io  0x0000-0x0cf7 window]
Apr 10 18:43:19 localhost kernel: pci_bus 0000:00: root bus resource [io  0x0d00-0xffff window]
Apr 10 18:43:19 localhost kernel: pci_bus 0000:00: root bus resource [mem 0x000a0000-0x000bffff window]
Apr 10 18:43:19 localhost kernel: pci_bus 0000:00: root bus resource [mem 0xf8000000-0xfffbffff window]
Apr 10 18:43:19 localhost kernel: pci_bus 0000:00: root bus resource [bus 00-ff]
Apr 10 18:43:19 localhost kernel: pci 0000:00:00.0: [8086:7192] type 00 class 0x060000
Apr 10 18:43:19 localhost kernel: pci 0000:00:07.0: [8086:7110] type 00 class 0x060100
Apr 10 18:43:19 localhost kernel: pci 0000:00:07.1: [8086:7111] type 00 class 0x010180
Apr 10 18:43:19 localhost kernel: pci 0000:00:07.1: reg 0x20: [io  0xffa0-0xffaf]
Apr 10 18:43:19 localhost kernel: pci 0000:00:07.1: legacy IDE quirk: reg 0x10: [io  0x01f0-0x01f7]
Apr 10 18:43:19 localhost kernel: pci 0000:00:07.1: legacy IDE quirk: reg 0x14: [io  0x03f6]
Apr 10 18:43:19 localhost kernel: pci 0000:00:07.1: legacy IDE quirk: reg 0x18: [io  0x0170-0x0177]
Apr 10 18:43:19 localhost kernel: pci 0000:00:07.1: legacy IDE quirk: reg 0x1c: [io  0x0376]
Apr 10 18:43:19 localhost kernel: pci 0000:00:07.3: [8086:7113] type 00 class 0x068000
Apr 10 18:43:19 localhost kernel: * Found PM-Timer Bug on the chipset. Due to workarounds for a bug,
                                  * this clock source is slow. Consider trying other clock sources
Apr 10 18:43:19 localhost kernel: pci 0000:00:07.3: quirk: [io  0x0400-0x043f] claimed by PIIX4 ACPI
Apr 10 18:43:19 localhost kernel: pci 0000:00:08.0: [1414:5353] type 00 class 0x030000
Apr 10 18:43:19 localhost kernel: pci 0000:00:08.0: reg 0x10: [mem 0xf8000000-0xfbffffff]
Apr 10 18:43:19 localhost kernel: ACPI: PCI Interrupt Link [LNKA] (IRQs 3 4 5 7 9 10 *11 12 14 15)
Apr 10 18:43:19 localhost kernel: ACPI: PCI Interrupt Link [LNKB] (IRQs 3 4 5 7 9 10 11 12 14 15) *0, disabled.
Apr 10 18:43:19 localhost kernel: ACPI: PCI Interrupt Link [LNKC] (IRQs 3 4 5 7 9 10 11 12 14 15) *0, disabled.
Apr 10 18:43:19 localhost kernel: ACPI: PCI Interrupt Link [LNKD] (IRQs 3 4 5 7 9 10 11 12 14 15) *0, disabled.
Apr 10 18:43:19 localhost kernel: vgaarb: device added: PCI:0000:00:08.0,decodes=io+mem,owns=io+mem,locks=none
Apr 10 18:43:19 localhost kernel: vgaarb: loaded
Apr 10 18:43:19 localhost kernel: vgaarb: bridge control possible 0000:00:08.0
Apr 10 18:43:19 localhost kernel: SCSI subsystem initialized
Apr 10 18:43:19 localhost kernel: ACPI: bus type USB registered
Apr 10 18:43:19 localhost kernel: usbcore: registered new interface driver usbfs
Apr 10 18:43:19 localhost kernel: usbcore: registered new interface driver hub
Apr 10 18:43:19 localhost kernel: usbcore: registered new device driver usb
Apr 10 18:43:19 localhost kernel: EDAC MC: Ver: 3.0.0
Apr 10 18:43:19 localhost kernel: PCI: Using ACPI for IRQ routing
Apr 10 18:43:19 localhost kernel: PCI: pci_cache_line_size set to 64 bytes
Apr 10 18:43:19 localhost kernel: e820: reserve RAM buffer [mem 0x0009fc00-0x0009ffff]
Apr 10 18:43:19 localhost kernel: e820: reserve RAM buffer [mem 0xf7ff0000-0xf7ffffff]
Apr 10 18:43:19 localhost kernel: NetLabel: Initializing
Apr 10 18:43:19 localhost kernel: NetLabel:  domain hash size = 128
Apr 10 18:43:19 localhost kernel: NetLabel:  protocols = UNLABELED CIPSOv4
Apr 10 18:43:19 localhost kernel: NetLabel:  unlabeled traffic allowed by default
Apr 10 18:43:19 localhost kernel: amd_nb: Cannot enumerate AMD northbridges
Apr 10 18:43:19 localhost kernel: Switched to clocksource hyperv_clocksource_tsc_page
Apr 10 18:43:19 localhost kernel: pnp: PnP ACPI init
Apr 10 18:43:19 localhost kernel: ACPI: bus type PNP registered
Apr 10 18:43:19 localhost kernel: pnp 00:00: Plug and Play ACPI device, IDs PNP0b00 (active)
Apr 10 18:43:19 localhost kernel: pnp 00:01: Plug and Play ACPI device, IDs PNP0303 PNP030b (active)
Apr 10 18:43:19 localhost kernel: pnp 00:02: Plug and Play ACPI device, IDs PNP0f03 PNP0f13 (active)
Apr 10 18:43:19 localhost kernel: pnp 00:03: [dma 0 disabled]
Apr 10 18:43:19 localhost kernel: pnp 00:03: Plug and Play ACPI device, IDs PNP0501 (active)
Apr 10 18:43:19 localhost kernel: pnp 00:04: [dma 0 disabled]
Apr 10 18:43:19 localhost kernel: pnp 00:04: Plug and Play ACPI device, IDs PNP0501 (active)
Apr 10 18:43:19 localhost kernel: pnp 00:05: [dma 2]
Apr 10 18:43:19 localhost kernel: pnp 00:05: Plug and Play ACPI device, IDs PNP0700 (active)
Apr 10 18:43:19 localhost kernel: system 00:06: [io  0x01e0-0x01ef] has been reserved
Apr 10 18:43:19 localhost kernel: system 00:06: [io  0x0160-0x016f] has been reserved
Apr 10 18:43:19 localhost kernel: system 00:06: [io  0x0278-0x027f] has been reserved
Apr 10 18:43:19 localhost kernel: system 00:06: [io  0x0378-0x037f] has been reserved
Apr 10 18:43:19 localhost kernel: system 00:06: [io  0x0678-0x067f] has been reserved
Apr 10 18:43:19 localhost kernel: system 00:06: [io  0x0778-0x077f] has been reserved
Apr 10 18:43:19 localhost kernel: system 00:06: [io  0x04d0-0x04d1] has been reserved
Apr 10 18:43:19 localhost kernel: system 00:06: Plug and Play ACPI device, IDs PNP0c02 (active)
Apr 10 18:43:19 localhost kernel: system 00:07: [io  0x0400-0x043f] has been reserved
Apr 10 18:43:19 localhost kernel: system 00:07: [io  0x0370-0x0371] has been reserved
Apr 10 18:43:19 localhost kernel: system 00:07: [io  0x0440-0x044f] has been reserved
Apr 10 18:43:19 localhost kernel: system 00:07: [mem 0xfec00000-0xfec00fff] could not be reserved
Apr 10 18:43:19 localhost kernel: system 00:07: [mem 0xfee00000-0xfee00fff] has been reserved
Apr 10 18:43:19 localhost kernel: system 00:07: Plug and Play ACPI device, IDs PNP0c02 (active)
Apr 10 18:43:19 localhost kernel: system 00:08: [mem 0x00000000-0x0009ffff] could not be reserved
Apr 10 18:43:19 localhost kernel: system 00:08: [mem 0x000c0000-0x000dffff] could not be reserved
Apr 10 18:43:19 localhost kernel: system 00:08: [mem 0x000e0000-0x000fffff] could not be reserved
Apr 10 18:43:19 localhost kernel: system 00:08: [mem 0x00100000-0xf7ffffff] could not be reserved
Apr 10 18:43:19 localhost kernel: system 00:08: [mem 0xfffc0000-0xffffffff] has been reserved
Apr 10 18:43:19 localhost kernel: system 00:08: Plug and Play ACPI device, IDs PNP0c01 (active)
Apr 10 18:43:19 localhost kernel: pnp: PnP ACPI: found 9 devices
Apr 10 18:43:19 localhost kernel: ACPI: bus type PNP unregistered
Apr 10 18:43:19 localhost kernel: pci_bus 0000:00: resource 4 [mem 0xfe0000000-0xfffffffff window]
Apr 10 18:43:19 localhost kernel: pci_bus 0000:00: resource 5 [io  0x0000-0x0cf7 window]
Apr 10 18:43:19 localhost kernel: pci_bus 0000:00: resource 6 [io  0x0d00-0xffff window]
Apr 10 18:43:19 localhost kernel: pci_bus 0000:00: resource 7 [mem 0x000a0000-0x000bffff window]
Apr 10 18:43:19 localhost kernel: pci_bus 0000:00: resource 8 [mem 0xf8000000-0xfffbffff window]
Apr 10 18:43:19 localhost kernel: NET: Registered protocol family 2
Apr 10 18:43:19 localhost kernel: TCP established hash table entries: 32768 (order: 6, 262144 bytes)
Apr 10 18:43:19 localhost kernel: TCP bind hash table entries: 32768 (order: 7, 524288 bytes)
Apr 10 18:43:19 localhost kernel: TCP: Hash tables configured (established 32768 bind 32768)
Apr 10 18:43:19 localhost kernel: TCP: reno registered
Apr 10 18:43:19 localhost kernel: UDP hash table entries: 2048 (order: 4, 65536 bytes)
Apr 10 18:43:19 localhost kernel: UDP-Lite hash table entries: 2048 (order: 4, 65536 bytes)
Apr 10 18:43:19 localhost kernel: NET: Registered protocol family 1
Apr 10 18:43:19 localhost kernel: pci 0000:00:00.0: Limiting direct PCI/PCI transfers
Apr 10 18:43:19 localhost kernel: pci 0000:00:08.0: Boot video device
Apr 10 18:43:19 localhost kernel: PCI: CLS 0 bytes, default 64
Apr 10 18:43:19 localhost kernel: Unpacking initramfs...
Apr 10 18:43:19 localhost kernel: Freeing initrd memory: 51356k freed
Apr 10 18:43:19 localhost kernel: PCI-DMA: Using software bounce buffering for IO (SWIOTLB)
Apr 10 18:43:19 localhost kernel: software IO TLB [mem 0xf3ff0000-0xf7ff0000] (64MB) mapped at [ffff98b433ff0000-ffff98b437feffff]
Apr 10 18:43:19 localhost kernel: RAPL PMU: API unit is 2^-32 Joules, 5 fixed counters, 10737418240 ms ovfl timer
Apr 10 18:43:19 localhost kernel: RAPL PMU: hw unit of domain pp0-core 2^-0 Joules
Apr 10 18:43:19 localhost kernel: RAPL PMU: hw unit of domain package 2^-0 Joules
Apr 10 18:43:19 localhost kernel: RAPL PMU: hw unit of domain dram 2^-0 Joules
Apr 10 18:43:19 localhost kernel: RAPL PMU: hw unit of domain pp1-gpu 2^-0 Joules
Apr 10 18:43:19 localhost kernel: RAPL PMU: hw unit of domain psys 2^-0 Joules
Apr 10 18:43:19 localhost kernel: sha1_ssse3: Using AVX2 optimized SHA-1 implementation
Apr 10 18:43:19 localhost kernel: sha256_ssse3: Using AVX2 optimized SHA-256 implementation
Apr 10 18:43:19 localhost kernel: futex hash table entries: 32768 (order: 9, 2097152 bytes)
Apr 10 18:43:19 localhost kernel: Initialise system trusted keyring
Apr 10 18:43:19 localhost kernel: audit: initializing netlink socket (disabled)
Apr 10 18:43:19 localhost kernel: type=2000 audit(1554921799.554:1): initialized
Apr 10 18:43:19 localhost kernel: HugeTLB registered 1 GB page size, pre-allocated 0 pages
Apr 10 18:43:19 localhost kernel: HugeTLB registered 2 MB page size, pre-allocated 0 pages
Apr 10 18:43:19 localhost kernel: zpool: loaded
Apr 10 18:43:19 localhost kernel: zbud: loaded
Apr 10 18:43:19 localhost kernel: VFS: Disk quotas dquot_6.5.2
Apr 10 18:43:19 localhost kernel: Dquot-cache hash table entries: 512 (order 0, 4096 bytes)
Apr 10 18:43:19 localhost kernel: msgmni has been set to 7858
Apr 10 18:43:19 localhost kernel: Key type big_key registered
Apr 10 18:43:19 localhost kernel: SELinux:  Registering netfilter hooks
Apr 10 18:43:19 localhost kernel: NET: Registered protocol family 38
Apr 10 18:43:19 localhost kernel: Key type asymmetric registered
Apr 10 18:43:19 localhost kernel: Asymmetric key parser 'x509' registered
Apr 10 18:43:19 localhost kernel: Block layer SCSI generic (bsg) driver version 0.4 loaded (major 248)
Apr 10 18:43:19 localhost kernel: io scheduler noop registered
Apr 10 18:43:19 localhost kernel: io scheduler deadline registered (default)
Apr 10 18:43:19 localhost kernel: io scheduler cfq registered
Apr 10 18:43:19 localhost kernel: io scheduler mq-deadline registered
Apr 10 18:43:19 localhost kernel: io scheduler kyber registered
Apr 10 18:43:19 localhost kernel: pci_hotplug: PCI Hot Plug PCI Core version: 0.5
Apr 10 18:43:19 localhost kernel: pciehp: PCI Express Hot Plug Controller Driver version: 0.4
Apr 10 18:43:19 localhost kernel: shpchp: Standard Hot Plug PCI Controller Driver version: 0.4
Apr 10 18:43:19 localhost kernel: intel_idle: does not run on family 6 model 142
Apr 10 18:43:19 localhost kernel: input: Power Button as /devices/LNXSYSTM:00/LNXPWRBN:00/input/input0
Apr 10 18:43:19 localhost kernel: ACPI: Power Button [PWRF]
Apr 10 18:43:19 localhost kernel: GHES: HEST is not enabled!
Apr 10 18:43:19 localhost kernel: Serial: 8250/16550 driver, 4 ports, IRQ sharing enabled
Apr 10 18:43:19 localhost kernel: 00:03: ttyS0 at I/O 0x3f8 (irq = 4) is a 16550A
Apr 10 18:43:19 localhost kernel: 00:04: ttyS1 at I/O 0x2f8 (irq = 3) is a 16550A
Apr 10 18:43:19 localhost kernel: Non-volatile memory driver v1.3
Apr 10 18:43:19 localhost kernel: Linux agpgart interface v0.103
Apr 10 18:43:19 localhost kernel: crash memory driver: version 1.1
Apr 10 18:43:19 localhost kernel: rdac: device handler registered
Apr 10 18:43:19 localhost kernel: hp_sw: device handler registered
Apr 10 18:43:19 localhost kernel: emc: device handler registered
Apr 10 18:43:19 localhost kernel: alua: device handler registered
Apr 10 18:43:19 localhost kernel: libphy: Fixed MDIO Bus: probed
Apr 10 18:43:19 localhost kernel: ehci_hcd: USB 2.0 'Enhanced' Host Controller (EHCI) Driver
Apr 10 18:43:19 localhost kernel: ehci-pci: EHCI PCI platform driver
Apr 10 18:43:19 localhost kernel: ohci_hcd: USB 1.1 'Open' Host Controller (OHCI) Driver
Apr 10 18:43:19 localhost kernel: ohci-pci: OHCI PCI platform driver
Apr 10 18:43:19 localhost kernel: uhci_hcd: USB Universal Host Controller Interface driver
Apr 10 18:43:19 localhost kernel: usbcore: registered new interface driver usbserial_generic
Apr 10 18:43:19 localhost kernel: usbserial: USB Serial support registered for generic
Apr 10 18:43:19 localhost kernel: i8042: PNP: PS/2 Controller [PNP0303:PS2K,PNP0f03:PS2M] at 0x60,0x64 irq 1,12
Apr 10 18:43:19 localhost kernel: serio: i8042 KBD port at 0x60,0x64 irq 1
Apr 10 18:43:19 localhost kernel: serio: i8042 AUX port at 0x60,0x64 irq 12
Apr 10 18:43:19 localhost kernel: mousedev: PS/2 mouse device common for all mice
Apr 10 18:43:19 localhost kernel: rtc_cmos 00:00: RTC can wake from S4
Apr 10 18:43:19 localhost kernel: input: AT Translated Set 2 keyboard as /devices/platform/i8042/serio0/input/input1
Apr 10 18:43:19 localhost kernel: rtc_cmos 00:00: rtc core: registered rtc_cmos as rtc0
Apr 10 18:43:19 localhost kernel: rtc_cmos 00:00: alarms up to one month, 114 bytes nvram
Apr 10 18:43:19 localhost kernel: cpuidle: using governor menu
Apr 10 18:43:19 localhost kernel: hidraw: raw HID events driver (C) Jiri Kosina
Apr 10 18:43:19 localhost kernel: usbcore: registered new interface driver usbhid
Apr 10 18:43:19 localhost kernel: usbhid: USB HID core driver
Apr 10 18:43:19 localhost kernel: drop_monitor: Initializing network drop monitor service
Apr 10 18:43:19 localhost kernel: TCP: cubic registered
Apr 10 18:43:19 localhost kernel: Initializing XFRM netlink socket
Apr 10 18:43:19 localhost kernel: NET: Registered protocol family 10
Apr 10 18:43:19 localhost kernel: random: fast init done
Apr 10 18:43:19 localhost kernel: NET: Registered protocol family 17
Apr 10 18:43:19 localhost kernel: mpls_gso: MPLS GSO support
Apr 10 18:43:19 localhost kernel: PM: Hibernation image not present or could not be loaded.
Apr 10 18:43:19 localhost kernel: Loading compiled-in X.509 certificates
Apr 10 18:43:19 localhost kernel: Loaded X.509 cert 'CentOS Linux kpatch signing key: ea0413152cde1d98ebdca3fe6f0230904c9ef717'
Apr 10 18:43:19 localhost kernel: Loaded X.509 cert 'CentOS Linux Driver update signing key: 7f421ee0ab69461574bb358861dbe77762a4201b'
Apr 10 18:43:19 localhost kernel: Loaded X.509 cert 'CentOS Linux kernel signing key: b70dcf0df2d9b7f29159248249fd6fe87b781427'
Apr 10 18:43:19 localhost kernel: registered taskstats version 1
Apr 10 18:43:19 localhost kernel: Key type trusted registered
Apr 10 18:43:19 localhost kernel: Key type encrypted registered
Apr 10 18:43:19 localhost kernel: IMA: No TPM chip found, activating TPM-bypass! (rc=-19)
Apr 10 18:43:19 localhost kernel:   Magic number: 15:332:746
Apr 10 18:43:19 localhost kernel: acpi LNXCPU:71: hash matches
Apr 10 18:43:19 localhost kernel: rtc_cmos 00:00: setting system clock to 2019-04-10 18:43:19 UTC (1554921799)
Apr 10 18:43:19 localhost kernel: Freeing unused kernel memory: 1876k freed
Apr 10 18:43:19 localhost kernel: Write protecting the kernel read-only data: 12288k
Apr 10 18:43:19 localhost kernel: Freeing unused kernel memory: 516k freed
Apr 10 18:43:19 localhost kernel: Freeing unused kernel memory: 600k freed
Apr 10 18:43:19 localhost systemd[1]: systemd 219 running in system mode. (+PAM +AUDIT +SELINUX +IMA -APPARMOR +SMACK +SYSVINIT +UTMP +LIBCRYPTSETUP +GCRYPT +GNUTLS +ACL +XZ +LZ4 -SECCOMP +BLKID +ELFUTILS +KMOD +IDN)
Apr 10 18:43:19 localhost systemd[1]: Detected virtualization microsoft.
Apr 10 18:43:19 localhost systemd[1]: Detected architecture x86-64.
Apr 10 18:43:19 localhost systemd[1]: Running in initial RAM disk.
Apr 10 18:43:19 localhost systemd[1]: No hostname configured.
Apr 10 18:43:19 localhost systemd[1]: Set hostname to <localhost>.
Apr 10 18:43:19 localhost systemd[1]: Initializing machine ID from random generator.
Apr 10 18:43:19 localhost systemd[1]: Cannot add dependency job for unit blk-availability.service, ignoring: Unit not found.
Apr 10 18:43:19 localhost systemd[1]: Reached target Local Encrypted Volumes.
Apr 10 18:43:19 localhost systemd[1]: Reached target Swap.
Apr 10 18:43:19 localhost systemd[1]: Reached target Local File Systems.
Apr 10 18:43:19 localhost systemd[1]: Created slice Root Slice.
Apr 10 18:43:19 localhost systemd[1]: Listening on Journal Socket.
Apr 10 18:43:19 localhost systemd[1]: Listening on udev Kernel Socket.
Apr 10 18:43:19 localhost systemd[1]: Listening on udev Control Socket.
Apr 10 18:43:19 localhost systemd[1]: Reached target Timers.
Apr 10 18:43:19 localhost systemd[1]: Created slice System Slice.
Apr 10 18:43:19 localhost systemd[1]: Starting Setup Virtual Console...
Apr 10 18:43:19 localhost systemd[1]: Starting Create list of required static device nodes for the current kernel...
Apr 10 18:43:19 localhost systemd[1]: Reached target Slices.
Apr 10 18:43:19 localhost systemd[1]: Starting Apply Kernel Variables...
Apr 10 18:43:19 localhost systemd[1]: Starting Journal Service...
Apr 10 18:43:19 localhost systemd[1]: Starting dracut cmdline hook...
Apr 10 18:43:19 localhost systemd[1]: Started Create list of required static device nodes for the current kernel.
Apr 10 18:43:19 localhost systemd[1]: Started Apply Kernel Variables.
Apr 10 18:43:19 localhost systemd[1]: Starting Create Static Device Nodes in /dev...
Apr 10 18:43:19 localhost systemd[1]: Started Setup Virtual Console.
Apr 10 18:43:19 localhost systemd[1]: Started Create Static Device Nodes in /dev.
Apr 10 18:43:19 localhost systemd-journal[81]: Journal started
Apr 10 18:43:19 localhost systemd[1]: Started Journal Service.
Apr 10 18:43:19 localhost kernel: BIOS EDD facility v0.16 2004-Jun-25, 1 devices found
Apr 10 18:43:19 localhost kernel: psmouse serio1: alps: Unknown ALPS touchpad: E7=12 00 64, EC=12 00 64
Apr 10 18:43:19 localhost dracut-cmdline[82]: Loading CentOS 7 x86_64 installer...
Apr 10 18:43:19 localhost kernel: psmouse serio1: trackpoint: failed to get extended button data, assuming 3 buttons
Apr 10 18:43:19 localhost systemd[1]: Started dracut cmdline hook.
Apr 10 18:43:19 localhost systemd[1]: Starting dracut pre-udev hook...
Apr 10 18:43:19 localhost kernel: squashfs: version 4.0 (2009/01/31) Phillip Lougher
Apr 10 18:43:19 localhost kernel: Loading iSCSI transport class v2.0-870.
Apr 10 18:43:19 localhost kernel: iscsi: registered transport (tcp)
Apr 10 18:43:20 localhost kernel: Floppy drive(s): fd0 is 1.44M
Apr 10 18:43:20 localhost kernel: FDC 0 is an 82078.
Apr 10 18:43:20 localhost kernel: No iBFT detected.
Apr 10 18:43:20 localhost kernel: async_tx: api initialized (async)
Apr 10 18:43:20 localhost kernel: xor: automatically using best checksumming function:
Apr 10 18:43:20 localhost kernel:    avx       : 12420.000 MB/sec
Apr 10 18:43:20 localhost kernel: raid6: sse2x1   gen()  5359 MB/s
Apr 10 18:43:20 localhost kernel: raid6: sse2x2   gen()  5445 MB/s
Apr 10 18:43:20 localhost kernel: raid6: sse2x4   gen() 12160 MB/s
Apr 10 18:43:20 localhost kernel: raid6: avx2x1   gen() 20289 MB/s
Apr 10 18:43:20 localhost kernel: raid6: avx2x2   gen() 23031 MB/s
Apr 10 18:43:20 localhost kernel: raid6: avx2x4   gen() 26023 MB/s
Apr 10 18:43:20 localhost kernel: raid6: using algorithm avx2x4 gen() (26023 MB/s)
Apr 10 18:43:20 localhost kernel: raid6: using avx2x2 recovery algorithm
Apr 10 18:43:20 localhost kernel: device-mapper: uevent: version 1.0.3
Apr 10 18:43:20 localhost kernel: device-mapper: ioctl: 4.37.1-ioctl (2018-04-03) initialised: dm-devel@redhat.com
Apr 10 18:43:20 localhost kernel: device-mapper: multipath round-robin: version 1.2.0 loaded
Apr 10 18:43:20 localhost kernel: RPC: Registered named UNIX socket transport module.
Apr 10 18:43:20 localhost kernel: RPC: Registered udp transport module.
Apr 10 18:43:20 localhost kernel: RPC: Registered tcp transport module.
Apr 10 18:43:20 localhost kernel: RPC: Registered tcp NFSv4.1 backchannel transport module.
Apr 10 18:43:20 localhost rpc.statd[528]: Version 1.3.0 starting
Apr 10 18:43:20 localhost rpc.statd[528]: Initializing NSM state
Apr 10 18:43:20 localhost rpc.statd[528]: Running as root.  chown /var/lib/nfs/statd to choose different user
Apr 10 18:43:20 localhost systemd[1]: Started dracut pre-udev hook.
Apr 10 18:43:20 localhost systemd[1]: Starting udev Kernel Device Manager...
Apr 10 18:43:20 localhost systemd-udevd[555]: starting version 219
Apr 10 18:43:20 localhost systemd[1]: Started udev Kernel Device Manager.
Apr 10 18:43:20 localhost systemd[1]: Starting dracut pre-trigger hook...
Apr 10 18:43:20 localhost lldpad[671]: config file failed to load,
Apr 10 18:43:20 localhost lldpad[671]: create a new file.
Apr 10 18:43:20 localhost lldpad[671]: bound ctrl iface to /com/intel/lldpad
Apr 10 18:43:21 localhost dracut-pre-trigger[556]: 682
Apr 10 18:43:21 localhost systemd[1]: Started dracut pre-trigger hook.
Apr 10 18:43:21 localhost systemd[1]: Starting udev Coldplug all Devices...
Apr 10 18:43:21 localhost systemd[1]: Started udev Coldplug all Devices.
Apr 10 18:43:21 localhost systemd[1]: Starting Device-Mapper Multipath Device Controller...
Apr 10 18:43:21 localhost systemd[1]: Reached target System Initialization.
Apr 10 18:43:21 localhost systemd[1]: Listening on Open-iSCSI iscsiuio Socket.
Apr 10 18:43:21 localhost systemd[1]: Reached target Sockets.
Apr 10 18:43:21 localhost systemd[1]: Starting Show Plymouth Boot Screen...
Apr 10 18:43:21 localhost systemd[1]: Received SIGRTMIN+20 from PID 936 (plymouthd).
Apr 10 18:43:21 localhost systemd[1]: Started Show Plymouth Boot Screen.
Apr 10 18:43:21 localhost systemd[1]: Reached target Paths.
Apr 10 18:43:21 localhost systemd[1]: Started Forward Password Requests to Plymouth Directory Watch.
Apr 10 18:43:21 localhost systemd[1]: Reached target Basic System.
Apr 10 18:43:21 localhost systemd[1]: Started Device-Mapper Multipath Device Controller.
Apr 10 18:43:21 localhost systemd[1]: Starting Open-iSCSI...
Apr 10 18:43:21 localhost multipathd[991]: path checkers start up
Apr 10 18:43:21 localhost systemd[1]: Mounting Configuration File System...
Apr 10 18:43:21 localhost iscsid[1003]: iSCSI logger with pid=1029 started!
Apr 10 18:43:21 localhost systemd[1]: Failed to read PID from file /var/run/iscsid.pid: Invalid argument
Apr 10 18:43:21 localhost systemd[1]: Started Open-iSCSI.
Apr 10 18:43:21 localhost systemd[1]: Starting dracut initqueue hook...
Apr 10 18:43:21 localhost systemd[1]: Mounted Configuration File System.
Apr 10 18:43:22 localhost kernel: hv_vmbus: Vmbus version:4.0
Apr 10 18:43:22 localhost kernel: hv_vmbus: registering driver hyperv_fb
Apr 10 18:43:22 localhost kernel: hyperv_fb: Screen resolution: 1152x864, Color depth: 32
Apr 10 18:43:22 localhost kernel: Console: switching to colour frame buffer device 144x54
Apr 10 18:43:22 localhost kernel: libata version 3.00 loaded.
Apr 10 18:43:22 localhost kernel: ata_piix 0000:00:07.1: version 2.13
Apr 10 18:43:22 localhost kernel: ata_piix 0000:00:07.1: Hyper-V Virtual Machine detected, ATA device ignore set
Apr 10 18:43:22 localhost kernel: scsi host0: ata_piix
Apr 10 18:43:22 localhost kernel: scsi host1: ata_piix
Apr 10 18:43:22 localhost kernel: ata1: PATA max UDMA/33 cmd 0x1f0 ctl 0x3f6 bmdma 0xffa0 irq 14
Apr 10 18:43:22 localhost kernel: ata2: PATA max UDMA/33 cmd 0x170 ctl 0x376 bmdma 0xffa8 irq 15
Apr 10 18:43:22 localhost systemd[1]: Reloading.
Apr 10 18:43:23 localhost kernel: ata1.01: NODEV after polling detection
Apr 10 18:43:24 localhost kernel: psmouse serio1: trackpoint: IBM TrackPoint firmware: 0x01, buttons: 3/3
Apr 10 18:43:24 localhost kernel: input: TPPS/2 IBM TrackPoint as /devices/platform/i8042/serio1/input/input2
Apr 10 18:43:24 localhost kernel: cryptd: max_cpu_qlen set to 1000
Apr 10 18:43:24 localhost kernel: AVX2 version of gcm_enc/dec engaged.
Apr 10 18:43:24 localhost kernel: AES CTR mode by8 optimization enabled
Apr 10 18:43:24 localhost kernel: alg: No test for __gcm-aes-aesni (__driver-gcm-aes-aesni)
Apr 10 18:43:24 localhost kernel: alg: No test for __generic-gcm-aes-aesni (__driver-generic-gcm-aes-aesni)
Apr 10 18:43:24 localhost kernel: ata1.00: host indicates ignore ATA devices, ignored
Apr 10 18:43:24 localhost kernel: hv_vmbus: registering driver hid_hyperv
Apr 10 18:43:24 localhost kernel: input: Microsoft Vmbus HID-compliant Mouse as /devices/virtual/input/input3
Apr 10 18:43:24 localhost kernel: hid-generic 0006:045E:0621.0001: input: <UNKNOWN> HID v0.01 Mouse [Microsoft Vmbus HID-compliant Mouse] on 
Apr 10 18:43:24 localhost kernel: hv_vmbus: registering driver hyperv_keyboard
Apr 10 18:43:24 localhost kernel: input: AT Translated Set 2 keyboard as /devices/LNXSYSTM:00/device:00/PNP0A03:00/device:08/VMBUS:01/d34b2567-b9b6-42b9-8778-0a4ec0b955bf/serio2/input/input4
Apr 10 18:43:24 localhost kernel: hv_vmbus: registering driver hv_storvsc
Apr 10 18:43:24 localhost kernel: hv_vmbus: registering driver hv_netvsc
Apr 10 18:43:24 localhost kernel: scsi host2: storvsc_host_t
Apr 10 18:43:24 localhost kernel: scsi 2:0:0:0: Direct-Access     Msft     Virtual Disk     1.0  PQ: 0 ANSI: 5
Apr 10 18:43:24 localhost kernel: scsi host3: storvsc_host_t
Apr 10 18:43:24 localhost kernel: 8021q: 802.1Q VLAN Support v1.8
Apr 10 18:43:24 localhost iscsid[1029]: iSCSI daemon with pid=1039 started!
Apr 10 18:43:24 localhost iscsid[1029]: can't open InitiatorName configuration file /etc/iscsi/initiatorname.iscsi
Apr 10 18:43:24 localhost iscsid[1029]: Warning: InitiatorName file /etc/iscsi/initiatorname.iscsi does not exist or does not contain a properly formatted InitiatorName. If using software iscsi (iscsi_tcp or ib_iser) or partial offload (bnx2i or cxgbi iscsi), you may not be able to log into or
Apr 10 18:43:24 localhost iscsid[1029]: can't open InitiatorAlias configuration file /etc/iscsi/initiatorname.iscsi
Apr 10 18:43:24 localhost iscsid[1029]: can't open iscsid.safe_logout configuration file /etc/iscsi/iscsid.conf
Apr 10 18:43:25 localhost kernel: ata2.01: NODEV after polling detection
Apr 10 18:43:25 localhost kernel: ata2.00: ATAPI: Virtual CD, , max MWDMA2
Apr 10 18:43:25 localhost kernel: ata2.00: configured for MWDMA2
Apr 10 18:43:25 localhost kernel: scsi 1:0:0:0: CD-ROM            Msft     Virtual CD/ROM   1.0  PQ: 0 ANSI: 5
Apr 10 18:43:25 localhost kernel: sd 2:0:0:0: [sda] 266338304 512-byte logical blocks: (136 GB/127 GiB)
Apr 10 18:43:25 localhost kernel: sd 2:0:0:0: [sda] 4096-byte physical blocks
Apr 10 18:43:25 localhost kernel: sd 2:0:0:0: [sda] Write Protect is off
Apr 10 18:43:25 localhost kernel: sd 2:0:0:0: [sda] Mode Sense: 0f 00 00 00
Apr 10 18:43:25 localhost kernel: sd 2:0:0:0: [sda] Write cache: enabled, read cache: enabled, doesn't support DPO or FUA
Apr 10 18:43:25 localhost kernel: sd 2:0:0:0: [sda] Attached SCSI disk
Apr 10 18:43:25 localhost kernel: sr 1:0:0:0: [sr0] scsi3-mmc drive: 0x/0x tray
Apr 10 18:43:25 localhost kernel: cdrom: Uniform CD-ROM driver Revision: 3.20
Apr 10 18:43:25 localhost kernel: sr 1:0:0:0: Attached scsi CD-ROM sr0
Apr 10 18:43:25 localhost multipathd[991]: sda: add path (uevent)
Apr 10 18:43:25 localhost dracut-initqueue[1042]: mount: /dev/sr0 is write-protected, mounting read-only
Apr 10 18:43:25 localhost kernel: ISO 9660 Extensions: Microsoft Joliet Level 3
Apr 10 18:43:25 localhost kernel: ISO 9660 Extensions: RRIP_1991A
Apr 10 18:43:25 localhost kernel: random: crng init done
Apr 10 18:43:25 localhost kernel: loop: module loaded
Apr 10 18:43:26 localhost systemd[1]: Received SIGRTMIN+20 from PID 936 (plymouthd).
Apr 10 18:43:26 localhost systemd[1]: Created slice system-checkisomd5.slice.
Apr 10 18:43:26 localhost systemd[1]: Starting Media check on /dev/sr0...
Apr 10 18:43:46 localhost systemd[1]: Started Media check on /dev/sr0.
Apr 10 18:43:46 localhost systemd[1]: Received SIGRTMIN+20 from PID 936 (plymouthd).
Apr 10 18:43:46 localhost systemd[1]: Started dracut initqueue hook.
Apr 10 18:43:46 localhost systemd[1]: Reached target Remote File Systems (Pre).
Apr 10 18:43:46 localhost systemd[1]: Reached target Remote File Systems.
Apr 10 18:43:46 localhost systemd[1]: Starting dracut pre-mount hook...
Apr 10 18:43:46 localhost systemd[1]: Started dracut pre-mount hook.
Apr 10 18:43:46 localhost systemd[1]: Reached target Initrd Root File System.
Apr 10 18:43:46 localhost systemd[1]: Starting Reload Configuration from the Real Root...
Apr 10 18:43:47 localhost systemd[1]: Reloading.
Apr 10 18:43:47 localhost systemd[1]: Started Reload Configuration from the Real Root.
Apr 10 18:43:47 localhost systemd[1]: Starting dracut mount hook...
Apr 10 18:43:47 localhost systemd[1]: Reached target Initrd File Systems.
Apr 10 18:43:47 localhost kernel: EXT4-fs (dm-0): mounted filesystem with ordered data mode. Opts: (null)
Apr 10 18:43:47 localhost systemd[1]: Started dracut mount hook.
Apr 10 18:43:47 localhost systemd[1]: Reached target Initrd Default Target.
Apr 10 18:43:47 localhost systemd[1]: Starting dracut pre-pivot and cleanup hook...
Apr 10 18:43:47 localhost rpcbind[524]: cannot open file = /run/rpcbind/rpcbind.xdr for writing
Apr 10 18:43:47 localhost rpcbind[524]: cannot save any registration
Apr 10 18:43:47 localhost rpcbind[524]: cannot open file = /run/rpcbind/portmap.xdr for writing
Apr 10 18:43:47 localhost rpcbind[524]: cannot save any registration
Apr 10 18:43:47 localhost systemd[1]: Started dracut pre-pivot and cleanup hook.
Apr 10 18:43:47 localhost systemd[1]: Starting Cleaning Up and Shutting Down Daemons...
Apr 10 18:43:47 localhost systemd[1]: Stopped target Timers.
Apr 10 18:43:47 localhost systemd[1]: Starting Plymouth switch root service...
Apr 10 18:43:47 localhost systemd[1]: Removed slice system-checkisomd5.slice.
Apr 10 18:43:47 localhost systemd[1]: Stopped Cleaning Up and Shutting Down Daemons.
Apr 10 18:43:47 localhost systemd[1]: Stopped dracut pre-pivot and cleanup hook.
Apr 10 18:43:47 localhost systemd[1]: Stopped target Remote File Systems.
Apr 10 18:43:47 localhost systemd[1]: Stopped target Remote File Systems (Pre).
Apr 10 18:43:47 localhost systemd[1]: Stopped target Initrd Default Target.
Apr 10 18:43:47 localhost systemd[1]: Stopped dracut mount hook.
Apr 10 18:43:47 localhost systemd[1]: Stopped dracut pre-mount hook.
Apr 10 18:43:47 localhost systemd[1]: Stopped target Basic System.
Apr 10 18:43:47 localhost systemd[1]: Stopped target Sockets.
Apr 10 18:43:47 localhost systemd[1]: Closed Open-iSCSI iscsiuio Socket.
Apr 10 18:43:47 localhost systemd[1]: Stopped target System Initialization.
Apr 10 18:43:47 localhost systemd[1]: Stopped Apply Kernel Variables.
Apr 10 18:43:47 localhost systemd[1]: Stopped target Local Encrypted Volumes.
Apr 10 18:43:47 localhost systemd[1]: Stopped target Swap.
Apr 10 18:43:47 localhost systemd[1]: Stopped target Local File Systems.
Apr 10 18:43:47 localhost systemd[1]: Stopped target Slices.
Apr 10 18:43:47 localhost systemd[1]: Stopped target Paths.
Apr 10 18:43:47 localhost systemd[1]: Stopped dracut initqueue hook.
Apr 10 18:43:47 localhost systemd[1]: Stopping Open-iSCSI...
Apr 10 18:43:48 localhost iscsid[1029]: iscsid shutting down.
Apr 10 18:43:48 localhost systemd[1]: Stopped Open-iSCSI.
Apr 10 18:43:48 localhost multipathd[991]: --------shut down-------
Apr 10 18:43:48 localhost systemd[1]: Stopping Device-Mapper Multipath Device Controller...
Apr 10 18:43:48 localhost systemd[1]: Stopped Device-Mapper Multipath Device Controller.
Apr 10 18:43:48 localhost systemd[1]: Stopped udev Coldplug all Devices.
Apr 10 18:43:48 localhost systemd[1]: Stopped dracut pre-trigger hook.
Apr 10 18:43:48 localhost systemd[1]: Stopping udev Kernel Device Manager...
Apr 10 18:43:48 localhost systemd[1]: Stopped udev Kernel Device Manager.
Apr 10 18:43:48 localhost systemd[1]: Stopped Create Static Device Nodes in /dev.
Apr 10 18:43:48 localhost systemd[1]: Stopped Create list of required static device nodes for the current kernel.
Apr 10 18:43:48 localhost systemd[1]: Stopped dracut pre-udev hook.
Apr 10 18:43:48 localhost systemd[1]: Stopped dracut cmdline hook.
Apr 10 18:43:48 localhost systemd[1]: Closed udev Control Socket.
Apr 10 18:43:48 localhost systemd[1]: Closed udev Kernel Socket.
Apr 10 18:43:48 localhost systemd[1]: Starting Cleanup udevd DB...
Apr 10 18:43:48 localhost systemd[1]: Started Cleanup udevd DB.
Apr 10 18:43:48 localhost systemd[1]: Reached target Switch Root.
Apr 10 18:43:48 localhost systemd[1]: Started Plymouth switch root service.
Apr 10 18:43:48 localhost systemd[1]: Starting Switch Root...
Apr 10 18:43:48 localhost systemd[1]: Switching root.
Apr 10 18:43:48 localhost systemd-journal[81]: Journal stopped
Apr 10 18:43:50 localhost systemd-journal[2899]: Runtime journal is using 8.0M (max allowed 196.6M, trying to leave 294.9M free of 1.9G available â†’ current limit 196.6M).
Apr 10 18:43:50 localhost systemd-journald[81]: Received SIGTERM from PID 1 (systemd).
Apr 10 18:43:50 localhost kernel: SELinux: 2048 avtab hash slots, 111767 rules.
Apr 10 18:43:50 localhost kernel: SELinux: 2048 avtab hash slots, 111767 rules.
Apr 10 18:43:50 localhost kernel: SELinux:  8 users, 14 roles, 5032 types, 315 bools, 1 sens, 1024 cats
Apr 10 18:43:50 localhost kernel: SELinux:  129 classes, 111767 rules
Apr 10 18:43:50 localhost kernel: SELinux:  Class bpf not defined in policy.
Apr 10 18:43:50 localhost kernel: SELinux: the above unknown classes and permissions will be allowed
Apr 10 18:43:50 localhost kernel: SELinux:  Completing initialization.
Apr 10 18:43:50 localhost kernel: SELinux:  Setting up existing superblocks.
Apr 10 18:43:50 localhost kernel: type=1403 audit(1554921829.832:2): policy loaded auid=4294967295 ses=4294967295
Apr 10 18:43:50 localhost systemd[1]: Successfully loaded SELinux policy in 302.414ms.
Apr 10 18:43:50 localhost systemd[1]: Relabelled /dev, /run and /sys/fs/cgroup in 25.621ms.
Apr 10 18:43:50 localhost systemd-journal[2899]: Journal started
Apr 10 18:43:50 localhost systemd[1]: systemd 219 running in system mode. (+PAM +AUDIT +SELINUX +IMA -APPARMOR +SMACK +SYSVINIT +UTMP +LIBCRYPTSETUP +GCRYPT +GNUTLS +ACL +XZ +LZ4 -SECCOMP +BLKID +ELFUTILS +KMOD +IDN)
Apr 10 18:43:50 localhost systemd[1]: Detected virtualization microsoft.
Apr 10 18:43:50 localhost systemd[1]: Detected architecture x86-64.
Apr 10 18:43:50 localhost systemd[1]: Cannot add dependency job for unit rhel-autorelabel.service, ignoring: Unit is masked.
Apr 10 18:43:51 localhost rhel-domainname[2902]: /usr/lib/systemd/rhel-domainname: line 2: /etc/sysconfig/network: No such file or directory
Apr 10 18:43:50 localhost systemd[1]: Cannot add dependency job for unit rhel-loadmodules.service, ignoring: Unit is masked.
Apr 10 18:43:50 localhost systemd[1]: Cannot add dependency job for unit systemd-tmpfiles-clean.timer, ignoring: Unit is masked.
Apr 10 18:43:51 localhost systemd[1]: Started Remount Root and Kernel File Systems.
Apr 10 18:43:51 localhost systemd[1]: Started Read and set NIS domainname from /etc/sysconfig/network.
Apr 10 18:43:51 localhost systemd[1]: Started Create list of required static device nodes for the current kernel.
Apr 10 18:43:51 localhost systemd[1]: Started Apply Kernel Variables.
Apr 10 18:43:51 localhost systemd[1]: Starting Create Static Device Nodes in /dev...
Apr 10 18:43:51 localhost systemd[1]: Starting Rebuild Hardware Database...
Apr 10 18:43:51 localhost systemd[1]: Starting Configure read-only root support...
Apr 10 18:43:51 localhost systemd[1]: Starting Flush Journal to Persistent Storage...
Apr 10 18:43:51 localhost systemd[1]: Started Create Static Device Nodes in /dev.
Apr 10 18:43:51 localhost systemd[1]: Reached target Local File Systems (Pre).
Apr 10 18:43:51 localhost systemd[1]: Starting udev Kernel Device Manager...
Apr 10 18:43:51 localhost systemd[1]: Started Configure read-only root support.
Apr 10 18:43:51 localhost systemd-udevd[2923]: starting version 219
Apr 10 18:43:51 localhost systemd[1]: Starting Load/Save Random Seed...
Apr 10 18:43:51 localhost systemd[1]: Started Load/Save Random Seed.
Apr 10 18:43:51 localhost systemd[1]: Started udev Kernel Device Manager.
Apr 10 18:43:51 localhost systemd[1]: Started Flush Journal to Persistent Storage.
Apr 10 18:43:53 localhost systemd[1]: Started Rebuild Hardware Database.
Apr 10 18:43:53 localhost systemd[1]: Starting udev Coldplug all Devices...
Apr 10 18:43:53 localhost systemd[1]: Started udev Coldplug all Devices.
Apr 10 18:43:54 localhost systemd[1]: Starting udev Wait for Complete Device Initialization...
Apr 10 18:43:54 localhost systemd[1]: Starting Device-Mapper Multipath Device Controller...
Apr 10 18:43:55 localhost kernel: piix4_smbus 0000:00:07.3: SMBus base address uninitialized - upgrade BIOS or use force_addr=0xaddr
Apr 10 18:43:55 localhost systemd[1]: Started Device-Mapper Multipath Device Controller.
Apr 10 18:43:55 localhost multipathd[3547]: path checkers start up
Apr 10 18:43:56 localhost kernel: hv_vmbus: registering driver hv_balloon
Apr 10 18:43:56 localhost kernel: hv_balloon: Using Dynamic Memory protocol version 2.0
Apr 10 18:43:57 localhost kernel: pps_core: LinuxPPS API ver. 1 registered
Apr 10 18:43:57 localhost kernel: pps_core: Software ver. 5.3.6 - Copyright 2005-2007 Rodolfo Giometti <giometti@linux.it>
Apr 10 18:43:57 localhost kernel: PTP clock support registered
Apr 10 18:43:57 localhost kernel: sd 2:0:0:0: Attached scsi generic sg0 type 0
Apr 10 18:43:57 localhost kernel: sr 1:0:0:0: Attached scsi generic sg1 type 5
Apr 10 18:43:57 localhost kernel: hv_utils: Registering HyperV Utility Driver
Apr 10 18:43:57 localhost kernel: hv_vmbus: registering driver hv_util
Apr 10 18:43:57 localhost kernel: hv_utils: Heartbeat IC version 3.0
Apr 10 18:43:57 localhost kernel: hv_utils: Shutdown IC version 3.0
Apr 10 18:43:57 localhost kernel: hv_utils: TimeSync IC version 4.0
Apr 10 13:13:57 localhost systemd[1]: Time has been changed
Apr 10 13:13:58 localhost kernel: hv_utils: VSS IC version 5.0
Apr 10 13:13:58 localhost kernel: input: PC Speaker as /devices/platform/pcspkr/input/input5
Apr 10 13:13:58 localhost multipathd[3547]: sda: add path (uevent)
Apr 10 13:13:58 localhost multipathd[3547]: sda: spurious uevent, path already in pathvec
Apr 10 13:14:00 localhost systemd[1]: Started udev Wait for Complete Device Initialization.
Apr 10 13:14:00 localhost systemd[1]: Starting Activation of DM RAID sets...
Apr 10 13:14:00 localhost systemd[1]: Started Activation of DM RAID sets.
Apr 10 13:14:00 localhost systemd[1]: Reached target Local Encrypted Volumes.
Apr 10 13:14:01 localhost systemd[1]: Reached target Local File Systems.
Apr 10 13:14:01 localhost systemd[1]: Starting Rebuild Journal Catalog...
Apr 10 13:14:01 localhost systemd[1]: Starting Migrate local SELinux policy changes from the old store structure to the new structure...
Apr 10 13:14:01 localhost systemd[1]: Starting Import network configuration from initramfs...
Apr 10 13:14:01 localhost systemd[1]: Starting Tell Plymouth To Write Out Runtime Data...
Apr 10 13:14:01 localhost systemd[1]: Started Rebuild Journal Catalog.
Apr 10 13:14:01 localhost systemd[1]: Started Migrate local SELinux policy changes from the old store structure to the new structure.
Apr 10 13:14:01 localhost systemd[1]: Started Import network configuration from initramfs.
Apr 10 13:14:01 localhost systemd[1]: Started Tell Plymouth To Write Out Runtime Data.
Apr 10 13:14:01 localhost systemd[1]: Starting Create Volatile Files and Directories...
Apr 10 13:14:01 localhost systemd[1]: Starting Update is Completed...
Apr 10 13:14:01 localhost systemd[1]: Started Update is Completed.
Apr 10 13:14:01 localhost systemd[1]: Started Create Volatile Files and Directories.
Apr 10 13:14:01 localhost systemd[1]: Starting Update UTMP about System Boot/Shutdown...
Apr 10 13:14:01 localhost systemd[1]: Started Update UTMP about System Boot/Shutdown.
Apr 10 13:14:01 localhost systemd[1]: Reached target System Initialization.
Apr 10 13:14:01 localhost systemd[1]: Listening on Open-iSCSI iscsiuio Socket.
Apr 10 13:14:01 localhost systemd[1]: Listening on Open-iSCSI iscsid Socket.
Apr 10 13:14:01 localhost systemd[1]: Listening on D-Bus System Message Bus Socket.
Apr 10 13:14:01 localhost systemd[1]: Reached target Sockets.
Apr 10 13:14:01 localhost systemd[1]: Reached target Basic System.
Apr 10 13:14:01 localhost systemd[1]: Started Anaconda NetworkManager configuration.
Apr 10 13:14:01 localhost systemd[1]: Starting Login Service...
Apr 10 13:14:01 localhost systemd[1]: Starting pre-anaconda logging service...
Apr 10 13:14:01 localhost systemd[1]: Starting Terminate Plymouth Boot Screen...
Apr 10 13:14:01 localhost systemd[1]: Starting Wait for Plymouth Boot Screen to Quit...
Apr 10 13:14:01 localhost systemd[1]: Starting Service enabling compressing RAM with zRam...
Apr 10 13:14:01 localhost systemd[1]: Starting Network Manager...
Apr 10 13:14:01 localhost systemd[1]: Starting Dump dmesg to /var/log/dmesg...
Apr 10 13:14:01 localhost zramswapon[5210]: + MAX_RAM_ON=2097152
Apr 10 13:14:01 localhost zramswapon[5210]: ++ grep MemTotal /proc/meminfo
Apr 10 13:14:01 localhost zramswapon[5210]: ++ grep -E --only-matching '[[:digit:]]+'
Apr 10 13:14:01 localhost zramswapon[5210]: + mem_total_kb=4026480
Apr 10 13:14:01 localhost zramswapon[5210]: + mem_total=4123115520
Apr 10 13:14:01 localhost zramswapon[5210]: + grep -E 'inst\.zram=(on|1)' /proc/cmdline
Apr 10 13:14:02 localhost zramswapon[5210]: + force=1
Apr 10 13:14:02 localhost zramswapon[5210]: + '[' '(' 4026480 -gt 2097152 ')' -a '(' 1 '!=' 0 ')' ']'
Apr 10 13:14:02 localhost zramswapon[5210]: + exit 0
Apr 10 13:14:03 localhost systemd[1]: Started Hardware RNG Entropy Gatherer Daemon.
Apr 10 13:14:03 localhost systemd[1]: Started pre-anaconda logging service.
Apr 10 13:14:03 localhost systemd[1]: Started Service enabling compressing RAM with zRam.
Apr 10 13:14:03 localhost systemd[1]: Started Dump dmesg to /var/log/dmesg.
Apr 10 13:14:03 localhost systemd[1]: Received SIGRTMIN+21 from PID 936 (plymouthd).
Apr 10 13:14:03 localhost systemd[1]: Started Terminate Plymouth Boot Screen.
Apr 10 13:14:03 localhost systemd[1]: Started Wait for Plymouth Boot Screen to Quit.
Apr 10 13:14:03 localhost systemd[1]: Cannot add dependency job for unit rhel-autorelabel.service, ignoring: Unit is masked.
Apr 10 13:14:03 localhost systemd[1]: Cannot add dependency job for unit rhel-loadmodules.service, ignoring: Unit is masked.
Apr 10 13:14:03 localhost systemd[1]: Cannot add dependency job for unit systemd-tmpfiles-clean.timer, ignoring: Unit is masked.
Apr 10 13:14:03 localhost systemd[1]: Started D-Bus System Message Bus.
Apr 10 13:14:03 localhost rngd[5223]: Initalizing available sources
Apr 10 13:14:03 localhost rngd[5223]: Failed to init entropy source 0: Hardware RNG Device
Apr 10 13:14:03 localhost rngd[5223]: Enabling RDSEED rng support
Apr 10 13:14:03 localhost rngd[5223]: JITTER rng fails with code 2
Apr 10 13:14:03 localhost rngd[5223]: Failed to init entropy source 5: JITTER Entropy generator
Apr 10 13:14:04 localhost NetworkManager[5211]: <info>  [1554902044.1093] NetworkManager (version 1.12.0-6.el7) is starting... (for the first time)
Apr 10 13:14:04 localhost NetworkManager[5211]: <info>  [1554902044.1133] Read config: /etc/NetworkManager/NetworkManager.conf (lib: 10-slaves-order.conf) (etc: 80-anaconda-no-ibft.conf, 90-anaconda-no-auto-default.conf, 91-anaconda-autoconnect-slaves.conf, 92-anaconda-loglevel-debug.conf)
Apr 10 13:14:04 localhost NetworkManager[5211]: <debug> [1554902044.1138] CONFIG: config-data[0x55ee8a7ae820]: 3 groups
Apr 10 13:14:04 localhost NetworkManager[5211]: <debug> [1554902044.1138] CONFIG:
Apr 10 13:14:04 localhost NetworkManager[5211]: <debug> [1554902044.1138] CONFIG: [main]
Apr 10 13:14:04 localhost NetworkManager[5211]: <debug> [1554902044.1139] CONFIG:   slaves-order=index
Apr 10 13:14:04 localhost NetworkManager[5211]: <debug> [1554902044.1139] CONFIG:   plugins=ifcfg-rh,ibft,no-ibft
Apr 10 13:14:04 localhost NetworkManager[5211]: <debug> [1554902044.1139] CONFIG:   no-auto-default=*
Apr 10 13:14:04 localhost NetworkManager[5211]: <debug> [1554902044.1139] CONFIG:
Apr 10 13:14:04 localhost NetworkManager[5211]: <debug> [1554902044.1139] CONFIG: [logging]
Apr 10 13:14:04 localhost NetworkManager[5211]: <debug> [1554902044.1139] CONFIG:   level=DEBUG
Apr 10 13:14:04 localhost NetworkManager[5211]: <debug> [1554902044.1139] CONFIG:
Apr 10 13:14:04 localhost NetworkManager[5211]: <debug> [1554902044.1139] CONFIG: [connection]
Apr 10 13:14:04 localhost NetworkManager[5211]: <debug> [1554902044.1139] CONFIG:   connection.autoconnect-slaves=1
Apr 10 13:14:04 localhost NetworkManager[5211]: <debug> [1554902044.1140] config: state: missing state file "/var/lib/NetworkManager/NetworkManager.state": No such file or directory
Apr 10 13:14:04 localhost NetworkManager[5211]: <debug> [1554902044.1140] WEXT support is disabled
Apr 10 13:14:04 localhost NetworkManager[5211]: <debug> [1554902044.1333] platform-linux: create (ignore netns, initial netns, use udev)
Apr 10 13:14:04 localhost NetworkManager[5211]: <debug> [1554902044.1338] platform-linux: could not enable extended acks on netlink socket
Apr 10 13:14:04 localhost NetworkManager[5211]: <debug> [1554902044.1339] platform-linux: Netlink socket for events established: port=5211, fd=8
Apr 10 13:14:04 localhost NetworkManager[5211]: <debug> [1554902044.1339] platform-linux: populate platform cache
Apr 10 13:14:04 localhost NetworkManager[5211]: <debug> [1554902044.1372] monotonic timestamp started counting 1.851043400 seconds ago with an offset of 47.0 seconds to CLOCK_BOOTTIME (local time is 2019-04-10 13:14:04)
Apr 10 13:14:04 localhost NetworkManager[5211]: <debug> [1554902044.1372] platform-linux: kernel-support: IFLA_INET6_ADDR_GEN_MODE: detected
Apr 10 13:14:04 localhost NetworkManager[5211]: <debug> [1554902044.1398] platform: signal: link   added: 1: lo <UP,LOWER_UP;loopback,up,running,lowerup> mtu 65536 arp 772 loopback? not-init addrgenmode eui64 addr 00:00:00:00:00:00 driver unknown rx:6,416 tx:6,416
Apr 10 13:14:04 localhost NetworkManager[5211]: <debug> [1554902044.1462] platform: signal: link   added: 2: eth0 <DOWN;broadcast,multicast> mtu 1500 arp 1 ethernet? not-init addrgenmode eui64 addr 00:15:5D:B9:DF:08 driver hv_netvsc rx:0,0 tx:0,0
Apr 10 13:14:04 localhost systemd[1]: Started Login Service.
Apr 10 13:14:04 localhost NetworkManager[5211]: <debug> [1554902044.1465] platform: signal: address 4   added: 127.0.0.1/8 lft forever pref forever lifetime 1-0[4294967295,4294967295] dev 1 flags permanent src kernel
Apr 10 13:14:04 localhost systemd-logind[5204]: New seat seat0.
Apr 10 13:14:04 localhost NetworkManager[5211]: <debug> [1554902044.1466] platform: signal: address 6   added: ::1/128 lft forever pref forever lifetime 1-0[4294967295,4294967295] dev 1 flags permanent src kernel
Apr 10 13:14:04 localhost systemd-logind[5204]: Watching system buttons on /dev/input/event0 (Power Button)
Apr 10 13:14:04 localhost NetworkManager[5211]: <debug> [1554902044.1467] platform: signal: qdisc   added: noqueue dev 1 family 0 handle 0 parent ffffffff info 2
Apr 10 13:14:04 localhost systemd-logind[5204]: Watching system buttons on /dev/input/event4 (AT Translated Set 2 keyboard)
Apr 10 13:14:04 localhost NetworkManager[5211]: <debug> [1554902044.1536] platform: signal: link changed: 2: eth0 <DOWN;broadcast,multicast> mtu 1500 arp 1 ethernet? init addrgenmode eui64 addr 00:15:5D:B9:DF:08 driver hv_netvsc rx:0,0 tx:0,0
Apr 10 13:14:04 localhost systemd[1]: Started Network Manager.
Apr 10 13:14:04 localhost NetworkManager[5211]: <debug> [1554902044.1540] platform: signal: link changed: 1: lo <UP,LOWER_UP;loopback,up,running,lowerup> mtu 65536 arp 772 loopback? init addrgenmode eui64 addr 00:00:00:00:00:00 driver unknown rx:6,416 tx:6,416
Apr 10 13:14:04 localhost systemd[1]: Starting Network Manager Wait Online...
Apr 10 13:14:04 localhost NetworkManager[5211]: <debug> [1554902044.1540] setup NMPlatform singleton (0x55ee8a796920, NMLinuxPlatform)
Apr 10 13:14:04 localhost systemd[1]: Reached target Network.
Apr 10 13:14:04 localhost NetworkManager[5211]: <debug> [1554902044.1541] create NMNetns singleton (0x55ee8a7b22c0)
Apr 10 13:14:04 localhost systemd[1]: Starting Logout off all iSCSI sessions on shutdown...
Apr 10 13:14:04 localhost NetworkManager[5211]: <debug> [1554902044.1552] auth[0x55ee8a7b0370]: create auth-manager: polkit enabled
Apr 10 13:14:04 localhost systemd[1]: Cannot add dependency job for unit rhel-autorelabel.service, ignoring: Unit is masked.
Apr 10 13:14:04 localhost NetworkManager[5211]: <debug> [1554902044.1595] auth[0x55ee8a7b0370]: set instance
Apr 10 13:14:04 localhost systemd[1]: Cannot add dependency job for unit rhel-loadmodules.service, ignoring: Unit is masked.
Apr 10 13:14:04 localhost NetworkManager[5211]: <debug> [1554902044.1595] setup NMAuthManager singleton (0x55ee8a7b0370)
Apr 10 13:14:04 localhost systemd[1]: Cannot add dependency job for unit systemd-tmpfiles-clean.timer, ignoring: Unit is masked.
Apr 10 13:14:04 localhost NetworkManager[5211]: <debug> [1554902044.1622] create NMDBusManager singleton (0x55ee8a79bc00)
Apr 10 13:14:04 localhost systemd[1]: Starting Hostname Service...
Apr 10 13:14:04 localhost NetworkManager[5211]: <info>  [1554902044.2134] bus-manager: acquired D-Bus service "org.freedesktop.NetworkManager"
Apr 10 13:14:04 localhost NetworkManager[5211]: <info>  [1554902044.2229] manager[0x55ee8a7c3000]: monitoring kernel firmware directory '/lib/firmware'.
Apr 10 13:14:04 localhost NetworkManager[5211]: <debug> [1554902044.2428] session-monitor: using systemd-logind session tracking
Apr 10 13:14:04 localhost NetworkManager[5211]: <debug> [1554902044.2428] create NMSessionMonitor singleton (0x55ee8a799810)
Apr 10 13:14:04 localhost NetworkManager[5211]: <debug> [1554902044.2429] create NMAgentManager singleton (0x55ee8a7b34e0)
Apr 10 13:14:04 localhost dbus[5228]: [system] Activating via systemd: service name='org.freedesktop.hostname1' unit='dbus-org.freedesktop.hostname1.service'
Apr 10 13:14:04 localhost dbus[5228]: [system] Successfully activated service 'org.freedesktop.hostname1'
Apr 10 13:14:04 localhost NetworkManager[5211]: <info>  [1554902044.4763] hostname: hostname: using hostnamed
Apr 10 13:14:04 localhost NetworkManager[5211]: <debug> [1554902044.4766] create NMHostnameManager singleton (0x55ee8a7b01e0)
Apr 10 13:14:04 localhost NetworkManager[5211]: <debug> [1554902044.4768] create NMFirewallManager singleton (0x7fba10003f80)
Apr 10 13:14:04 localhost NetworkManager[5211]: <info>  [1554902044.4794] dns-mgr[0x55ee8a7cc120]: init: dns=default, rc-manager=file
Apr 10 13:14:04 localhost NetworkManager[5211]: <debug> [1554902044.4795] create NMDnsManager singleton (0x55ee8a7cc120)
Apr 10 13:14:04 localhost NetworkManager[5211]: <debug> [1554902044.4795] policy: hostname-mode: full
Apr 10 13:14:04 localhost NetworkManager[5211]: <debug> [1554902044.4814] manager: setup NMManager singleton (0x55ee8a7c3000)
Apr 10 13:14:04 localhost NetworkManager[5211]: <debug> [1554902044.4865] create NMConnectivity singleton (0x55ee8a7cd800)
Apr 10 13:14:04 localhost NetworkManager[5211]: <debug> [1554902044.4902] dispatcher: default script directory '/etc/NetworkManager/dispatcher.d' has scripts
Apr 10 13:14:04 localhost NetworkManager[5211]: <debug> [1554902044.4912] dispatcher: pre-up script directory '/etc/NetworkManager/dispatcher.d/pre-up.d' has no scripts
Apr 10 13:14:04 localhost NetworkManager[5211]: <debug> [1554902044.4913] dispatcher: pre-down script directory '/etc/NetworkManager/dispatcher.d/pre-down.d' has no scripts
Apr 10 13:14:04 localhost dbus[5228]: [system] Activating via systemd: service name='org.freedesktop.nm_dispatcher' unit='dbus-org.freedesktop.nm-dispatcher.service'
Apr 10 13:14:04 localhost systemd[1]: Started Logout off all iSCSI sessions on shutdown.
Apr 10 13:14:04 localhost systemd[1]: Started Hostname Service.
Apr 10 13:14:04 localhost systemd[1]: Cannot add dependency job for unit rhel-autorelabel.service, ignoring: Unit is masked.
Apr 10 13:14:04 localhost systemd[1]: Cannot add dependency job for unit rhel-loadmodules.service, ignoring: Unit is masked.
Apr 10 13:14:04 localhost systemd[1]: Cannot add dependency job for unit systemd-tmpfiles-clean.timer, ignoring: Unit is masked.
Apr 10 13:14:04 localhost systemd[1]: Starting Network Manager Script Dispatcher Service...
Apr 10 13:14:04 localhost systemd[1]: Reached target Remote File Systems (Pre).
Apr 10 13:14:04 localhost systemd[1]: Starting Availability of block devices...
Apr 10 13:14:04 localhost systemd[1]: Started Availability of block devices.
Apr 10 13:14:04 localhost dbus[5228]: [system] Successfully activated service 'org.freedesktop.nm_dispatcher'
Apr 10 13:14:04 localhost systemd[1]: Started Network Manager Script Dispatcher Service.
Apr 10 13:14:04 localhost NetworkManager[5211]: <debug> [1554902044.5936] create SettingsPluginIfcfg singleton (0x55ee8a7e3b60)
Apr 10 13:14:04 localhost NetworkManager[5211]: <info>  [1554902044.5936] settings: Loaded settings plugin: SettingsPluginIfcfg (/usr/lib64/NetworkManager/1.12.0-6.el7/libnm-settings-plugin-ifcfg-rh.so)
Apr 10 13:14:04 localhost NetworkManager[5211]: <info>  [1554902044.5937] settings: Loaded settings plugin: NMSKeyfilePlugin (internal)
Apr 10 13:14:04 localhost NetworkManager[5211]: <debug> [1554902044.5939] ifcfg-rh: loading from file "/etc/sysconfig/network-scripts/ifcfg-lo"...
Apr 10 13:14:04 localhost NetworkManager[5211]: <debug> [1554902044.5940] ifcfg-rh: loading "/etc/sysconfig/network-scripts/ifcfg-lo" fails: Ignoring loopback device config.
Apr 10 13:14:04 localhost NetworkManager[5211]: <info>  [1554902044.5974] manager: rfkill: WiFi enabled by radio killswitch; enabled by state file
Apr 10 13:14:04 localhost NetworkManager[5211]: <info>  [1554902044.5975] manager: rfkill: WWAN enabled by radio killswitch; enabled by state file
Apr 10 13:14:04 localhost NetworkManager[5211]: <info>  [1554902044.5976] manager: Networking is enabled by state file
Apr 10 13:14:04 localhost NetworkManager[5211]: <debug> [1554902044.5976] dispatcher: (1) dispatching action 'hostname'
Apr 10 13:14:04 localhost NetworkManager[5211]: <debug> [1554902044.6005] dhcp-init: enabled DHCP client 'dhclient' (NMDhcpDhclient)
Apr 10 13:14:04 localhost NetworkManager[5211]: <debug> [1554902044.6006] dhcp-init: enabled DHCP client 'internal' (NMDhcpSystemd)
Apr 10 13:14:04 localhost NetworkManager[5211]: <info>  [1554902044.6006] dhcp-init: Using DHCP client 'dhclient'
Apr 10 13:14:04 localhost NetworkManager[5211]: <debug> [1554902044.6006] create NMDhcpManager singleton (0x55ee8a7cf440)
Apr 10 13:14:04 localhost nm-dispatcher[5270]: req:1 'hostname': new request (4 scripts)
Apr 10 13:14:04 localhost nm-dispatcher[5270]: req:1 'hostname': environment: PATH=/usr/local/sbin:/usr/local/bin:/usr/sbin:/usr/bin
Apr 10 13:14:04 localhost nm-dispatcher[5270]: req:1 'hostname': environment: NM_DISPATCHER_ACTION=hostname
Apr 10 13:14:04 localhost nm-dispatcher[5270]: req:1 'hostname': start running ordered scripts...
Apr 10 13:14:04 localhost nm-dispatcher[5270]: req:1 'hostname', "/etc/NetworkManager/dispatcher.d/00-netreport": run script
Apr 10 13:14:04 localhost NetworkManager[5211]: <debug> [1554902044.6023] Loaded device plugin: NMBondDeviceFactory (internal)
Apr 10 13:14:04 localhost NetworkManager[5211]: <debug> [1554902044.6023] Loaded device plugin: NMBridgeDeviceFactory (internal)
Apr 10 13:14:04 localhost NetworkManager[5211]: <debug> [1554902044.6024] Loaded device plugin: NMDummyDeviceFactory (internal)
Apr 10 13:14:04 localhost NetworkManager[5211]: <debug> [1554902044.6024] Loaded device plugin: NMEthernetDeviceFactory (internal)
Apr 10 13:14:04 localhost NetworkManager[5211]: <debug> [1554902044.6024] Loaded device plugin: NMInfinibandDeviceFactory (internal)
Apr 10 13:14:04 localhost NetworkManager[5211]: <debug> [1554902044.6024] Loaded device plugin: NMIPTunnelDeviceFactory (internal)
Apr 10 13:14:04 localhost NetworkManager[5211]: <debug> [1554902044.6025] Loaded device plugin: NMMacsecDeviceFactory (internal)
Apr 10 13:14:04 localhost NetworkManager[5211]: <debug> [1554902044.6025] Loaded device plugin: NMMacvlanDeviceFactory (internal)
Apr 10 13:14:04 localhost NetworkManager[5211]: <debug> [1554902044.6025] Loaded device plugin: NMPppDeviceFactory (internal)
Apr 10 13:14:04 localhost NetworkManager[5211]: <debug> [1554902044.6026] Loaded device plugin: NMTunDeviceFactory (internal)
Apr 10 13:14:04 localhost NetworkManager[5211]: <debug> [1554902044.6026] Loaded device plugin: NMVethDeviceFactory (internal)
Apr 10 13:14:04 localhost NetworkManager[5211]: <debug> [1554902044.6026] Loaded device plugin: NMVlanDeviceFactory (internal)
Apr 10 13:14:04 localhost NetworkManager[5211]: <debug> [1554902044.6026] Loaded device plugin: NMVxlanDeviceFactory (internal)
Apr 10 13:14:04 localhost NetworkManager[5211]: <info>  [1554902044.6249] Loaded device plugin: NMTeamFactory (/usr/lib64/NetworkManager/1.12.0-6.el7/libnm-device-plugin-team.so)
Apr 10 13:14:04 localhost NetworkManager[5211]: <info>  [1554902044.6556] Loaded device plugin: NMWifiFactory (/usr/lib64/NetworkManager/1.12.0-6.el7/libnm-device-plugin-wifi.so)
Apr 10 13:14:04 localhost NetworkManager[5211]: <debug> [1554902044.6562] device[0x55ee8a79cc90] (lo): unmanaged: flags set to [platform-init,by-default=0x110/0x110/unmanaged/unrealized], set-unmanaged [by-default=0x100])
Apr 10 13:14:04 localhost NetworkManager[5211]: <debug> [1554902044.6563] device[0x55ee8a79cc90] (lo): constructed (NMDeviceGeneric)
Apr 10 13:14:04 localhost NetworkManager[5211]: <debug> [1554902044.6563] device[0x55ee8a79cc90] (lo): start setup of NMDeviceGeneric, kernel ifindex 1
Apr 10 13:14:04 localhost NetworkManager[5211]: <debug> [1554902044.6563] device[0x55ee8a79cc90] (lo): assume-state: set guess-assume=1, connection=(null)
Apr 10 13:14:04 localhost NetworkManager[5211]: <debug> [1554902044.6565] platform-linux: error reading net:/sys/class/net/lo/phys_port_id: error reading 4096 bytes from file descriptor: Operation not supported
Apr 10 13:14:04 localhost kernel: IPv6: ADDRCONF(NETDEV_UP): eth0: link is not ready
Apr 10 13:14:04 localhost NetworkManager[5211]: <debug> [1554902044.6566] platform-linux: sysctl: reading 'net:/sys/class/net/lo/dev_id': '0x0'
Apr 10 13:14:04 localhost NetworkManager[5211]: <debug> [1554902044.6567] platform-linux: error reading net:/sys/class/net/lo/device/sriov_totalvfs: Failed to open file "device/sriov_totalvfs" with openat: No such file or directory
Apr 10 13:14:04 localhost kernel: IPv6: ADDRCONF(NETDEV_UP): eth0: link is not ready
Apr 10 13:14:04 localhost kernel: IPv6: ADDRCONF(NETDEV_CHANGE): eth0: link becomes ready
Apr 10 13:14:04 localhost NetworkManager[5211]: <debug> [1554902044.6567] device[0x55ee8a79cc90] (lo): hw-addr: hardware address now 00:00:00:00:00:00
Apr 10 13:14:04 localhost NetworkManager[5211]: <debug> [1554902044.6567] device[0x55ee8a79cc90] (lo): hw-addr: update initial MAC address 00:00:00:00:00:00
Apr 10 13:14:04 localhost NetworkManager[5211]: <debug> [1554902044.6568] device[0x55ee8a79cc90] (lo): hw-addr: unable to read permanent MAC address (use current: 00:00:00:00:00:00)
Apr 10 13:14:04 localhost NetworkManager[5211]: <info>  [1554902044.6568] device (lo): carrier: link connected
Apr 10 13:14:04 localhost NetworkManager[5211]: <debug> [1554902044.6568] device[0x55ee8a79cc90] (lo): unmanaged: flags set to [platform-init,by-default,!external-down=0x110/0x910/unmanaged/unrealized], set-managed [external-down=0x800])
Apr 10 13:14:04 localhost NetworkManager[5211]: <debug> [1554902044.6568] device[0x55ee8a79cc90] (lo): unmanaged: flags set to [loopback,platform-init,by-default,!external-down=0x118/0x918/unmanaged/unrealized], set-unmanaged [loopback=0x8])
Apr 10 13:14:04 localhost NetworkManager[5211]: <debug> [1554902044.6569] device[0x55ee8a79cc90] (lo): unmanaged: flags set to [loopback,platform-init,by-default,!user-settings,!external-down=0x118/0x958/unmanaged/unrealized], set-managed [user-settings=0x40])
Apr 10 13:14:04 localhost NetworkManager[5211]: <debug> [1554902044.6569] device[0x55ee8a79cc90] (lo): unmanaged: flags set to [loopback,by-default,!platform-init,!user-settings,!external-down=0x108/0x958/unmanaged/unrealized], set-managed [platform-init=0x10])
Apr 10 13:14:04 localhost NetworkManager[5211]: <debug> [1554902044.6569] device[0x55ee8a79cc90] (lo): unmanaged: flags set to [loopback,by-default,!sleeping,!platform-init,!user-settings,!external-down=0x108/0x959/unmanaged/unrealized], set-managed [sleeping=0x1])
Apr 10 13:14:04 localhost NetworkManager[5211]: <info>  [1554902044.6583] manager: (lo): new Generic device (/org/freedesktop/NetworkManager/Devices/1)
Apr 10 13:14:04 localhost NetworkManager[5211]: <debug> [1554902044.6621] device[0x55ee8a79cc90] (lo): assume-state: set guess-assume=0, connection=(null)
Apr 10 13:14:04 localhost systemd[1]: Cannot add dependency job for unit rhel-autorelabel.service, ignoring: Unit is masked.
Apr 10 13:14:04 localhost NetworkManager[5211]: <debug> [1554902044.6622] device[0x55ee8a7fd120] (eth0): constructed (NMDeviceEthernet)
Apr 10 13:14:04 localhost systemd[1]: Cannot add dependency job for unit rhel-loadmodules.service, ignoring: Unit is masked.
Apr 10 13:14:04 localhost NetworkManager[5211]: <debug> [1554902044.6622] device[0x55ee8a7fd120] (eth0): start setup of NMDeviceEthernet, kernel ifindex 2
Apr 10 13:14:04 localhost systemd[1]: Cannot add dependency job for unit systemd-tmpfiles-clean.timer, ignoring: Unit is masked.
Apr 10 13:14:04 localhost NetworkManager[5211]: <debug> [1554902044.6622] device[0x55ee8a7fd120] (eth0): assume-state: set guess-assume=1, connection=(null)
Apr 10 13:14:04 localhost systemd[1]: Starting Authorization Manager...
Apr 10 13:14:04 localhost NetworkManager[5211]: <debug> [1554902044.6623] platform-linux: error reading net:/sys/class/net/eth0/phys_port_id: error reading 4096 bytes from file descriptor: Operation not supported
Apr 10 13:14:04 localhost NetworkManager[5211]: <debug> [1554902044.6624] platform-linux: sysctl: reading 'net:/sys/class/net/eth0/dev_id': '0x0'
Apr 10 13:14:04 localhost NetworkManager[5211]: <debug> [1554902044.6625] platform-linux: error reading net:/sys/class/net/eth0/device/sriov_totalvfs: Failed to open file "device/sriov_totalvfs" with openat: No such file or directory
Apr 10 13:14:04 localhost NetworkManager[5211]: <debug> [1554902044.6626] device[0x55ee8a7fd120] (eth0): hw-addr: hardware address now 00:15:5D:B9:DF:08
Apr 10 13:14:04 localhost NetworkManager[5211]: <debug> [1554902044.6626] device[0x55ee8a7fd120] (eth0): hw-addr: update initial MAC address 00:15:5D:B9:DF:08
Apr 10 13:14:04 localhost NetworkManager[5211]: <debug> [1554902044.6626] device[0x55ee8a7fd120] (eth0): hw-addr: read permanent MAC address '00:15:5D:B9:DF:08'
Apr 10 13:14:04 localhost NetworkManager[5211]: <debug> [1554902044.6628] device[0x55ee8a7fd120] (eth0): unmanaged: flags set to [platform-init,!loopback=0x10/0x18/unmanaged/unrealized], set-managed [loopback=0x8])
Apr 10 13:14:04 localhost NetworkManager[5211]: <debug> [1554902044.6628] device[0x55ee8a7fd120] (eth0): unmanaged: flags set to [platform-init,!loopback,!user-settings=0x10/0x58/unmanaged/unrealized], set-managed [user-settings=0x40])
Apr 10 13:14:04 localhost NetworkManager[5211]: <debug> [1554902044.6628] device[0x55ee8a7fd120] (eth0): unmanaged: flags set to [!loopback,!platform-init,!user-settings=0x0/0x58/managed/unrealized], set-managed [platform-init=0x10])
Apr 10 13:14:04 localhost NetworkManager[5211]: <debug> [1554902044.6629] device[0x55ee8a7fd120] (eth0): unmanaged: flags set to [!sleeping,!loopback,!platform-init,!user-settings=0x0/0x59/managed/unrealized], set-managed [sleeping=0x1])
Apr 10 13:14:04 localhost NetworkManager[5211]: <info>  [1554902044.6657] manager: (eth0): new Ethernet device (/org/freedesktop/NetworkManager/Devices/2)
Apr 10 13:14:04 localhost NetworkManager[5211]: <debug> [1554902044.6728] device[0x55ee8a7fd120] (eth0): ip4-config: update (commit=0, new-config=0x55ee8a7ce290)
Apr 10 13:14:04 localhost NetworkManager[5211]: <debug> [1554902044.6735] device[0x55ee8a7fd120] (eth0): ip4-config: set IP Config instance (/org/freedesktop/NetworkManager/IP4Config/1)
Apr 10 13:14:04 localhost NetworkManager[5211]: <debug> [1554902044.6746] dns-mgr: (device_ip_config_changed): queueing DNS updates (1)
Apr 10 13:14:04 localhost NetworkManager[5211]: <debug> [1554902044.6746] dns-mgr: (device_ip_config_changed): DNS configuration did not change
Apr 10 13:14:04 localhost NetworkManager[5211]: <debug> [1554902044.6746] dns-mgr: (device_ip_config_changed): no DNS changes to commit (0)
Apr 10 13:14:04 localhost NetworkManager[5211]: <debug> [1554902044.6747] device[0x55ee8a7fd120] (eth0): ip6-config: update (commit=0, new-config=0x55ee8a804220)
Apr 10 13:14:04 localhost NetworkManager[5211]: <debug> [1554902044.6756] device[0x55ee8a7fd120] (eth0): ip6-config: set IP Config instance (/org/freedesktop/NetworkManager/IP6Config/1)
Apr 10 13:14:04 localhost NetworkManager[5211]: <debug> [1554902044.6763] dns-mgr: (device_ip_config_changed): queueing DNS updates (1)
Apr 10 13:14:04 localhost NetworkManager[5211]: <debug> [1554902044.6763] dns-mgr: (device_ip_config_changed): DNS configuration did not change
Apr 10 13:14:04 localhost NetworkManager[5211]: <debug> [1554902044.6763] dns-mgr: (device_ip_config_changed): no DNS changes to commit (0)
Apr 10 13:14:04 localhost NetworkManager[5211]: <debug> [1554902044.6764] device[0x55ee8a7fd120] (eth0): assume-state: set guess-assume=0, connection=(null)
Apr 10 13:14:04 localhost NetworkManager[5211]: <debug> [1554902044.6764] manager: (eth0): assume: cannot generate connection: device has no existing configuration
Apr 10 13:14:04 localhost NetworkManager[5211]: <info>  [1554902044.6764] device (eth0): state change: unmanaged -> unavailable (reason 'managed', sys-iface-state: 'external')
Apr 10 13:14:04 localhost systemd[1]: Started Network Manager Wait Online.
Apr 10 13:14:04 localhost NetworkManager[5211]: <debug> [1554902044.6766] platform-linux: sysctl: reading '/proc/sys/net/ipv6/conf/eth0/accept_ra': '1'
Apr 10 13:14:04 localhost systemd[1]: Reached target Network is Online.
Apr 10 13:14:04 localhost NetworkManager[5211]: <debug> [1554902044.6766] platform-linux: sysctl: reading '/proc/sys/net/ipv6/conf/eth0/accept_ra_defrtr': '1'
Apr 10 13:14:04 localhost systemd[1]: Starting System Logging Service...
Apr 10 13:14:04 localhost NetworkManager[5211]: <debug> [1554902044.6767] platform-linux: sysctl: reading '/proc/sys/net/ipv6/conf/eth0/accept_ra_pinfo': '1'
Apr 10 13:14:04 localhost NetworkManager[5211]: <debug> [1554902044.6767] platform-linux: sysctl: reading '/proc/sys/net/ipv6/conf/eth0/accept_ra_rtr_pref': '1'
Apr 10 13:14:04 localhost NetworkManager[5211]: <debug> [1554902044.6767] platform-linux: sysctl: reading '/proc/sys/net/ipv6/conf/eth0/forwarding': '0'
Apr 10 13:14:04 localhost NetworkManager[5211]: <debug> [1554902044.6768] platform-linux: sysctl: reading '/proc/sys/net/ipv6/conf/eth0/disable_ipv6': '0'
Apr 10 13:14:04 localhost NetworkManager[5211]: <debug> [1554902044.6768] platform-linux: sysctl: reading '/proc/sys/net/ipv6/conf/eth0/hop_limit': '64'
Apr 10 13:14:04 localhost NetworkManager[5211]: <debug> [1554902044.6769] platform-linux: sysctl: reading '/proc/sys/net/ipv6/conf/eth0/use_tempaddr': '0'
Apr 10 13:14:04 localhost NetworkManager[5211]: <debug> [1554902044.6769] device[0x55ee8a7fd120] (eth0): will enable userland IPv6LL
Apr 10 13:14:04 localhost NetworkManager[5211]: <debug> [1554902044.6769] platform-linux: link: change 2: user-ipv6ll: set IPv6 address generation mode to none
Apr 10 13:14:04 localhost NetworkManager[5211]: <debug> [1554902044.6770] platform-linux: do-request-link: 2
Apr 10 13:14:04 localhost NetworkManager[5211]: <debug> [1554902044.6782] platform: signal: link changed: 2: eth0 <DOWN;broadcast,multicast> mtu 1500 arp 1 ethernet? init addrgenmode none addr 00:15:5D:B9:DF:08 driver hv_netvsc rx:0,0 tx:0,0
Apr 10 13:14:04 localhost NetworkManager[5211]: <debug> [1554902044.6782] device[0x55ee8a7fd120] (eth0): queued link change for ifindex 2
Apr 10 13:14:04 localhost NetworkManager[5211]: <debug> [1554902044.6782] platform-linux: do-change-link[2]: success changing link: success
Apr 10 13:14:04 localhost NetworkManager[5211]: <debug> [1554902044.6783] platform-linux: sysctl: setting '/proc/sys/net/ipv6/conf/eth0/disable_ipv6' to '1' (current value is '0')
Apr 10 13:14:04 localhost NetworkManager[5211]: <debug> [1554902044.6784] platform-linux: sysctl: setting '/proc/sys/net/ipv6/conf/eth0/disable_ipv6' to '0' (current value is '1')
Apr 10 13:14:04 localhost NetworkManager[5211]: <debug> [1554902044.6785] platform-linux: sysctl: setting '/proc/sys/net/ipv6/conf/eth0/accept_ra_defrtr' to '0' (current value is '1')
Apr 10 13:14:04 localhost NetworkManager[5211]: <debug> [1554902044.6785] platform-linux: sysctl: setting '/proc/sys/net/ipv6/conf/eth0/accept_ra_pinfo' to '0' (current value is '1')
Apr 10 13:14:04 localhost NetworkManager[5211]: <debug> [1554902044.6786] platform-linux: sysctl: setting '/proc/sys/net/ipv6/conf/eth0/accept_ra_rtr_pref' to '0' (current value is '1')
Apr 10 13:14:04 localhost NetworkManager[5211]: <debug> [1554902044.6786] platform-linux: sysctl: setting '/proc/sys/net/ipv6/conf/eth0/use_tempaddr' to '0' (current value is identical)
Apr 10 13:14:04 localhost NetworkManager[5211]: <debug> [1554902044.6787] platform-linux: sysctl: setting '/proc/sys/net/ipv6/conf/eth0/forwarding' to '0' (current value is identical)
Apr 10 13:14:04 localhost NetworkManager[5211]: <debug> [1554902044.6787] device[0x55ee8a7fd120] (eth0): bringing up device 2
Apr 10 13:14:04 localhost NetworkManager[5211]: <debug> [1554902044.6787] platform: link: setting up "eth0" (2)
Apr 10 13:14:04 localhost NetworkManager[5211]: <debug> [1554902044.6787] platform-linux: link: change 2: flags: set 0x1/0x1 ([up] / [up])
Apr 10 13:14:04 localhost NetworkManager[5211]: <debug> [1554902044.6815] platform-linux: do-request-link: 2
Apr 10 13:14:04 localhost NetworkManager[5211]: <debug> [1554902044.6816] platform: signal: link changed: 2: eth0 <UP,LOWER_UP;broadcast,multicast,up,lowerup> mtu 1500 arp 1 ethernet? init addrgenmode none addr 00:15:5D:B9:DF:08 driver hv_netvsc rx:0,0 tx:0,0
Apr 10 13:14:04 localhost NetworkManager[5211]: <debug> [1554902044.6816] platform-linux: kernel-support: RTA_PREF: ability to set router preference for IPv6 routes: detected
Apr 10 13:14:04 localhost NetworkManager[5211]: <debug> [1554902044.6817] platform: signal: route   6   added: table 255 ff00::/8 via :: dev 2 metric 256 mss 0 rt-src rt-boot
Apr 10 13:14:04 localhost NetworkManager[5211]: <debug> [1554902044.6817] platform: signal: link changed: 2: eth0 <UP,LOWER_UP;broadcast,multicast,up,running,lowerup> mtu 1500 arp 1 ethernet? init addrgenmode none addr 00:15:5D:B9:DF:08 driver hv_netvsc rx:0,0 tx:0,0
Apr 10 13:14:04 localhost NetworkManager[5211]: <debug> [1554902044.6818] platform-linux: do-change-link[2]: success changing link: success
